#
# There is insufficient memory for the Java Runtime Environment to continue.
# Native memory allocation (malloc) failed to allocate 531216 bytes. Error detail: Chunk::new
# Possible reasons:
#   The system is out of physical RAM or swap space
#   This process is running with CompressedOops enabled, and the Java Heap may be blocking the growth of the native heap
# Possible solutions:
#   Reduce memory load on the system
#   Increase physical memory or swap space
#   Check if swap backing store is full
#   Decrease Java heap size (-Xmx/-Xms)
#   Decrease number of Java threads
#   Decrease Java thread stack sizes (-Xss)
#   Set larger code cache with -XX:ReservedCodeCacheSize=
#   JVM is running with Unscaled Compressed Oops mode in which the Java heap is
#     placed in the first 4GB address space. The Java Heap base address is the
#     maximum limit for the native heap growth. Please use -XX:HeapBaseMinAddress
#     to set the Java Heap base and to place the Java Heap above 4GB virtual address.
# This output file may be truncated or incomplete.
#
#  Out of Memory Error (arena.cpp:162), pid=15168, tid=7496
#
# JRE version: Java(TM) SE Runtime Environment (24.0.2+12) (build 24.0.2+12-54)
# Java VM: Java HotSpot(TM) 64-Bit Server VM (24.0.2+12-54, mixed mode, sharing, tiered, compressed oops, compressed class ptrs, g1 gc, windows-amd64)
# No core dump will be written. Minidumps are not enabled by default on client versions of Windows
#

---------------  S U M M A R Y ------------

Command Line: -javaagent:C:\Program Files\JetBrains\IntelliJ IDEA Community Edition 2025.2.1\lib\idea_rt.jar=60060 -Dfile.encoding=UTF-8 -Dsun.stdout.encoding=UTF-8 -Dsun.stderr.encoding=UTF-8 com.rmis.rmis.RmisApplication

Host: Intel(R) Core(TM) i3-1005G1 CPU @ 1.20GHz, 4 cores, 3G,  Windows 11 , 64 bit Build 26100 (10.0.26100.7705)
Time: Sat Feb 28 23:48:58 2026 Sri Lanka Standard Time elapsed time: 243.152277 seconds (0d 0h 4m 3s)

---------------  T H R E A D  ---------------

Current thread (0x000002174119a7d0):  JavaThread "C2 CompilerThread0" daemon [_thread_in_native, id=7496, stack(0x0000006ef6500000,0x0000006ef6600000) (1024K)]


Current CompileTask:
C2:243152 8129       4       org.springframework.core.ResolvableType::as (86 bytes)

Stack: [0x0000006ef6500000,0x0000006ef6600000]
Native frames: (J=compiled Java code, j=interpreted, Vv=VM code, C=native code)
V  [jvm.dll+0x730829]  (no source info available)
V  [jvm.dll+0x8d9da3]  (no source info available)
V  [jvm.dll+0x8dc28d]  (no source info available)
V  [jvm.dll+0x8dc903]  (no source info available)
V  [jvm.dll+0x2a9f56]  (no source info available)
V  [jvm.dll+0xced7f]  (no source info available)
V  [jvm.dll+0xcefdf]  (no source info available)
V  [jvm.dll+0x1fdf4f]  (no source info available)
V  [jvm.dll+0x6b68c5]  (no source info available)
V  [jvm.dll+0x6b4abc]  (no source info available)
V  [jvm.dll+0x26f483]  (no source info available)
V  [jvm.dll+0x26e8ff]  (no source info available)
V  [jvm.dll+0x1e9c90]  (no source info available)
V  [jvm.dll+0x27e0cb]  (no source info available)
V  [jvm.dll+0x27c36a]  (no source info available)
V  [jvm.dll+0x42f396]  (no source info available)
V  [jvm.dll+0x87d9eb]  (no source info available)
V  [jvm.dll+0x72ef45]  (no source info available)
C  [ucrtbase.dll+0x37b0]  (no source info available)
C  [KERNEL32.DLL+0x2e8d7]  (no source info available)
C  [ntdll.dll+0x8c40c]  (no source info available)

Lock stack of current Java thread (top to bottom):


---------------  P R O C E S S  ---------------

Threads class SMR info:
_java_thread_list=0x0000021767036ca0, length=36, elements={
0x0000021741180d00, 0x0000021741183d40, 0x0000021741188000, 0x0000021741189b40,
0x000002174118b1e0, 0x000002174118cd20, 0x000002174119a7d0, 0x00000217411be8c0,
0x000002174139f980, 0x0000021741634ab0, 0x00000217416355f0, 0x0000021742244480,
0x00000217420c7110, 0x00000217422328e0, 0x00000217420b9010, 0x000002174296a1c0,
0x000002174296a910, 0x0000021742969a70, 0x00000217668733f0, 0x0000021766875130,
0x0000021766873b40, 0x0000021766874290, 0x00000217668749e0, 0x0000021766871e00,
0x0000021766872ca0, 0x000002174296b060, 0x00000217674dd270, 0x00000217674dcb20,
0x00000217674df700, 0x00000217674dc3d0, 0x00000217674de860, 0x00000217674dd9c0,
0x0000021766d8e850, 0x0000021766d8cb10, 0x0000021766d8efa0, 0x0000021766d90590
}

Java Threads: ( => current thread )
  0x0000021741180d00 JavaThread "Reference Handler"          daemon [_thread_blocked, id=11624, stack(0x0000006ef5f00000,0x0000006ef6000000) (1024K)]
  0x0000021741183d40 JavaThread "Finalizer"                  daemon [_thread_blocked, id=3232, stack(0x0000006ef6000000,0x0000006ef6100000) (1024K)]
  0x0000021741188000 JavaThread "Signal Dispatcher"          daemon [_thread_blocked, id=16184, stack(0x0000006ef6100000,0x0000006ef6200000) (1024K)]
  0x0000021741189b40 JavaThread "Attach Listener"            daemon [_thread_blocked, id=13328, stack(0x0000006ef6200000,0x0000006ef6300000) (1024K)]
  0x000002174118b1e0 JavaThread "Service Thread"             daemon [_thread_blocked, id=17892, stack(0x0000006ef6300000,0x0000006ef6400000) (1024K)]
  0x000002174118cd20 JavaThread "Monitor Deflation Thread"   daemon [_thread_blocked, id=6692, stack(0x0000006ef6400000,0x0000006ef6500000) (1024K)]
=>0x000002174119a7d0 JavaThread "C2 CompilerThread0"         daemon [_thread_in_native, id=7496, stack(0x0000006ef6500000,0x0000006ef6600000) (1024K)]
  0x00000217411be8c0 JavaThread "C1 CompilerThread0"         daemon [_thread_blocked, id=18212, stack(0x0000006ef6600000,0x0000006ef6700000) (1024K)]
  0x000002174139f980 JavaThread "Common-Cleaner"             daemon [_thread_blocked, id=12212, stack(0x0000006ef6700000,0x0000006ef6800000) (1024K)]
  0x0000021741634ab0 JavaThread "Monitor Ctrl-Break"         daemon [_thread_in_native, id=13244, stack(0x0000006ef6800000,0x0000006ef6900000) (1024K)]
  0x00000217416355f0 JavaThread "Notification Thread"        daemon [_thread_blocked, id=11060, stack(0x0000006ef6900000,0x0000006ef6a00000) (1024K)]
  0x0000021742244480 JavaThread "RMI TCP Accept-0"           daemon [_thread_in_native, id=13532, stack(0x0000006ef6a00000,0x0000006ef6b00000) (1024K)]
  0x00000217420c7110 JavaThread "RMI TCP Connection(1)-10.49.145.181" daemon [_thread_in_native, id=15396, stack(0x0000006ef6b00000,0x0000006ef6c00000) (1024K)]
  0x00000217422328e0 JavaThread "RMI Scheduler(0)"           daemon [_thread_blocked, id=17796, stack(0x0000006ef6c00000,0x0000006ef6d00000) (1024K)]
  0x00000217420b9010 JavaThread "JMX server connection timeout 29" daemon [_thread_blocked, id=10644, stack(0x0000006ef6d00000,0x0000006ef6e00000) (1024K)]
  0x000002174296a1c0 JavaThread "Cleaner-0"                  daemon [_thread_blocked, id=18368, stack(0x0000006ef7200000,0x0000006ef7300000) (1024K)]
  0x000002174296a910 JavaThread "RMISHikariPool:housekeeper" daemon [_thread_blocked, id=13484, stack(0x0000006ef7300000,0x0000006ef7400000) (1024K)]
  0x0000021742969a70 JavaThread "Catalina-utility-1"                [_thread_blocked, id=17436, stack(0x0000006ef7500000,0x0000006ef7600000) (1024K)]
  0x00000217668733f0 JavaThread "Catalina-utility-2"                [_thread_blocked, id=13924, stack(0x0000006ef7600000,0x0000006ef7700000) (1024K)]
  0x0000021766875130 JavaThread "container-0"                       [_thread_blocked, id=10156, stack(0x0000006ef7700000,0x0000006ef7800000) (1024K)]
  0x0000021766873b40 JavaThread "http-nio-8080-exec-1"       daemon [_thread_blocked, id=13756, stack(0x0000006ef7400000,0x0000006ef7500000) (1024K)]
  0x0000021766874290 JavaThread "http-nio-8080-exec-2"       daemon [_thread_blocked, id=2232, stack(0x0000006ef7800000,0x0000006ef7900000) (1024K)]
  0x00000217668749e0 JavaThread "http-nio-8080-exec-3"       daemon [_thread_blocked, id=18104, stack(0x0000006ef7900000,0x0000006ef7a00000) (1024K)]
  0x0000021766871e00 JavaThread "http-nio-8080-exec-4"       daemon [_thread_blocked, id=3404, stack(0x0000006ef7a00000,0x0000006ef7b00000) (1024K)]
  0x0000021766872ca0 JavaThread "http-nio-8080-exec-5"       daemon [_thread_blocked, id=3996, stack(0x0000006ef7b00000,0x0000006ef7c00000) (1024K)]
  0x000002174296b060 JavaThread "http-nio-8080-exec-6"       daemon [_thread_blocked, id=8960, stack(0x0000006ef7c00000,0x0000006ef7d00000) (1024K)]
  0x00000217674dd270 JavaThread "http-nio-8080-exec-7"       daemon [_thread_blocked, id=16744, stack(0x0000006ef7d00000,0x0000006ef7e00000) (1024K)]
  0x00000217674dcb20 JavaThread "http-nio-8080-exec-8"       daemon [_thread_blocked, id=12060, stack(0x0000006ef7e00000,0x0000006ef7f00000) (1024K)]
  0x00000217674df700 JavaThread "http-nio-8080-exec-9"       daemon [_thread_blocked, id=3200, stack(0x0000006ef7f00000,0x0000006ef8000000) (1024K)]
  0x00000217674dc3d0 JavaThread "http-nio-8080-exec-10"      daemon [_thread_blocked, id=15700, stack(0x0000006ef8000000,0x0000006ef8100000) (1024K)]
  0x00000217674de860 JavaThread "http-nio-8080-Poller"       daemon [_thread_in_native, id=1460, stack(0x0000006ef8100000,0x0000006ef8200000) (1024K)]
  0x00000217674dd9c0 JavaThread "http-nio-8080-Acceptor"     daemon [_thread_in_native, id=16148, stack(0x0000006ef8200000,0x0000006ef8300000) (1024K)]
  0x0000021766d8e850 JavaThread "DestroyJavaVM"                     [_thread_blocked, id=13416, stack(0x0000006ef5700000,0x0000006ef5800000) (1024K)]
  0x0000021766d8cb10 JavaThread "SIGINT handler"             daemon [_thread_blocked, id=16272, stack(0x0000006ef5400000,0x0000006ef5500000) (1024K)]
  0x0000021766d8efa0 JavaThread "SpringApplicationShutdownHook"        [_thread_blocked, id=11004, stack(0x0000006ef5500000,0x0000006ef5600000) (1024K)]
  0x0000021766d90590 JavaThread "tomcat-shutdown"                   [_thread_in_vm, id=17108, stack(0x0000006ef5600000,0x0000006ef5700000) (1024K)]
Total: 36

Other Threads:
  0x000002174116ff20 VMThread "VM Thread"                           [id=11968, stack(0x0000006ef5e00000,0x0000006ef5f00000) (1024K)]
  0x00000217411603d0 WatcherThread "VM Periodic Task Thread"        [id=11344, stack(0x0000006ef5d00000,0x0000006ef5e00000) (1024K)]
  0x0000021746478530 WorkerThread "GC Thread#0"                     [id=15892, stack(0x0000006ef5800000,0x0000006ef5900000) (1024K)]
  0x00000217420f6270 WorkerThread "GC Thread#1"                     [id=17812, stack(0x0000006ef6e00000,0x0000006ef6f00000) (1024K)]
  0x000002174211c410 WorkerThread "GC Thread#2"                     [id=14588, stack(0x0000006ef6f00000,0x0000006ef7000000) (1024K)]
  0x000002174211c7c0 WorkerThread "GC Thread#3"                     [id=14376, stack(0x0000006ef7000000,0x0000006ef7100000) (1024K)]
  0x0000021746484a80 ConcurrentGCThread "G1 Main Marker"            [id=14576, stack(0x0000006ef5900000,0x0000006ef5a00000) (1024K)]
  0x00000217464854a0 WorkerThread "G1 Conc#0"                       [id=14080, stack(0x0000006ef5a00000,0x0000006ef5b00000) (1024K)]
  0x00000217464e1f00 ConcurrentGCThread "G1 Refine#0"               [id=14552, stack(0x0000006ef5b00000,0x0000006ef5c00000) (1024K)]
  0x00000217464e2990 ConcurrentGCThread "G1 Service"                [id=9676, stack(0x0000006ef5c00000,0x0000006ef5d00000) (1024K)]
Total: 10

Threads with active compile tasks:
C2 CompilerThread0  243336 8129       4       org.springframework.core.ResolvableType::as (86 bytes)
Total: 1

VM state: not at safepoint (normal execution)

VM Mutex/Monitor currently owned by a thread: None

Heap address: 0x00000000c3a00000, size: 966 MB, Compressed Oops mode: 32-bit

CDS archive(s) mapped at: [0x0000021700000000-0x0000021700d40000-0x0000021700d40000), size 13893632, SharedBaseAddress: 0x0000021700000000, ArchiveRelocationMode: 1.
Compressed class space mapped at: 0x0000021701000000-0x0000021741000000, reserved size: 1073741824
UseCompressedClassPointers 1, UseCompactObjectHeaders 0
Narrow klass pointer bits 32, Max shift 3
Narrow klass base: 0x0000021700000000, Narrow klass shift: 0
Encoding Range: [0x0000021700000000 - 0x0000021800000000), (4294967296 bytes)
Klass Range:    [0x0000021700000000 - 0x0000021741000000), (1090519040 bytes)
Klass ID Range:  [8 - 1090519033) (1090519025)

GC Precious Log:
 CardTable entry size: 512
 Card Set container configuration: InlinePtr #cards 5 size 8 Array Of Cards #cards 10 size 36 Howl #buckets 4 coarsen threshold 1843 Howl Bitmap #cards 512 size 80 coarsen threshold 460 Card regions per heap region 1 cards per card region 2048
 CPUs: 4 total, 4 available
 Memory: 3863M
 Large Page Support: Disabled
 NUMA Support: Disabled
 Compressed Oops: Enabled (32-bit)
 Heap Region Size: 1M
 Heap Min Capacity: 8M
 Heap Initial Capacity: 62M
 Heap Max Capacity: 966M
 Pre-touch: Disabled
 Parallel Workers: 4
 Concurrent Workers: 1
 Concurrent Refinement Workers: 4
 Periodic GC: Disabled

Heap:
 garbage-first heap   total reserved 989184K, committed 71680K, used 55346K [0x00000000c3a00000, 0x0000000100000000)
  region size 1024K, 17 young (17408K), 2 survivors (2048K)
 Metaspace       used 90460K, committed 91200K, reserved 1179648K
  class space    used 10194K, committed 10496K, reserved 1048576K

Heap Regions: E=young(eden), S=young(survivor), O=old, HS=humongous(starts), HC=humongous(continues), CS=collection set, F=free, TAMS=top-at-mark-start, PB=parsable bottom
|   0|0x00000000c3a00000, 0x00000000c3b00000, 0x00000000c3b00000|100%|HS|  |TAMS 0x00000000c3a00000| PB 0x00000000c3a00000| Complete |  0
|   1|0x00000000c3b00000, 0x00000000c3c00000, 0x00000000c3c00000|100%|HS|  |TAMS 0x00000000c3b00000| PB 0x00000000c3b00000| Complete |  0
|   2|0x00000000c3c00000, 0x00000000c3d00000, 0x00000000c3d00000|100%| O|  |TAMS 0x00000000c3c00000| PB 0x00000000c3c00000| Untracked |  0
|   3|0x00000000c3d00000, 0x00000000c3e00000, 0x00000000c3e00000|100%| O|  |TAMS 0x00000000c3d00000| PB 0x00000000c3d00000| Untracked |  0
|   4|0x00000000c3e00000, 0x00000000c3f00000, 0x00000000c3f00000|100%| O|  |TAMS 0x00000000c3e00000| PB 0x00000000c3e00000| Untracked |  0
|   5|0x00000000c3f00000, 0x00000000c4000000, 0x00000000c4000000|100%| O|  |TAMS 0x00000000c3f00000| PB 0x00000000c3f00000| Untracked |  0
|   6|0x00000000c4000000, 0x00000000c4100000, 0x00000000c4100000|100%| O|  |TAMS 0x00000000c4000000| PB 0x00000000c4000000| Untracked |  0
|   7|0x00000000c4100000, 0x00000000c4200000, 0x00000000c4200000|100%| O|  |TAMS 0x00000000c4100000| PB 0x00000000c4100000| Untracked |  0
|   8|0x00000000c4200000, 0x00000000c4300000, 0x00000000c4300000|100%| O|  |TAMS 0x00000000c4200000| PB 0x00000000c4200000| Untracked |  0
|   9|0x00000000c4300000, 0x00000000c4400000, 0x00000000c4400000|100%| O|  |TAMS 0x00000000c4300000| PB 0x00000000c4300000| Untracked |  0
|  10|0x00000000c4400000, 0x00000000c4500000, 0x00000000c4500000|100%| O|  |TAMS 0x00000000c4400000| PB 0x00000000c4400000| Untracked |  0
|  11|0x00000000c4500000, 0x00000000c4600000, 0x00000000c4600000|100%| O|  |TAMS 0x00000000c4500000| PB 0x00000000c4500000| Untracked |  0
|  12|0x00000000c4600000, 0x00000000c4700000, 0x00000000c4700000|100%| O|  |TAMS 0x00000000c4600000| PB 0x00000000c4600000| Untracked |  0
|  13|0x00000000c4700000, 0x00000000c4800000, 0x00000000c4800000|100%| O|  |TAMS 0x00000000c4700000| PB 0x00000000c4700000| Untracked |  0
|  14|0x00000000c4800000, 0x00000000c4900000, 0x00000000c4900000|100%| O|  |TAMS 0x00000000c4800000| PB 0x00000000c4800000| Untracked |  0
|  15|0x00000000c4900000, 0x00000000c4a00000, 0x00000000c4a00000|100%| O|  |TAMS 0x00000000c4900000| PB 0x00000000c4900000| Untracked |  0
|  16|0x00000000c4a00000, 0x00000000c4b00000, 0x00000000c4b00000|100%| O|  |TAMS 0x00000000c4a00000| PB 0x00000000c4a00000| Untracked |  0
|  17|0x00000000c4b00000, 0x00000000c4c00000, 0x00000000c4c00000|100%| O|Cm|TAMS 0x00000000c4b00000| PB 0x00000000c4b00000| Complete |  0
|  18|0x00000000c4c00000, 0x00000000c4d00000, 0x00000000c4d00000|100%| O|  |TAMS 0x00000000c4c00000| PB 0x00000000c4c00000| Untracked |  0
|  19|0x00000000c4d00000, 0x00000000c4e00000, 0x00000000c4e00000|100%| O|  |TAMS 0x00000000c4d00000| PB 0x00000000c4d00000| Untracked |  0
|  20|0x00000000c4e00000, 0x00000000c4f00000, 0x00000000c4f00000|100%| O|  |TAMS 0x00000000c4e00000| PB 0x00000000c4e00000| Untracked |  0
|  21|0x00000000c4f00000, 0x00000000c5000000, 0x00000000c5000000|100%| O|  |TAMS 0x00000000c4f00000| PB 0x00000000c4f00000| Untracked |  0
|  22|0x00000000c5000000, 0x00000000c5100000, 0x00000000c5100000|100%| O|Cm|TAMS 0x00000000c5000000| PB 0x00000000c5000000| Complete |  0
|  23|0x00000000c5100000, 0x00000000c5200000, 0x00000000c5200000|100%| O|  |TAMS 0x00000000c5100000| PB 0x00000000c5100000| Untracked |  0
|  24|0x00000000c5200000, 0x00000000c5300000, 0x00000000c5300000|100%| O|  |TAMS 0x00000000c5200000| PB 0x00000000c5200000| Untracked |  0
|  25|0x00000000c5300000, 0x00000000c5400000, 0x00000000c5400000|100%| O|  |TAMS 0x00000000c5300000| PB 0x00000000c5300000| Untracked |  0
|  26|0x00000000c5400000, 0x00000000c5500000, 0x00000000c5500000|100%| O|  |TAMS 0x00000000c5400000| PB 0x00000000c5400000| Untracked |  0
|  27|0x00000000c5500000, 0x00000000c5600000, 0x00000000c5600000|100%| O|  |TAMS 0x00000000c5500000| PB 0x00000000c5500000| Untracked |  0
|  28|0x00000000c5600000, 0x00000000c5700000, 0x00000000c5700000|100%| O|  |TAMS 0x00000000c5600000| PB 0x00000000c5600000| Untracked |  0
|  29|0x00000000c5700000, 0x00000000c5800000, 0x00000000c5800000|100%| O|  |TAMS 0x00000000c5700000| PB 0x00000000c5700000| Untracked |  0
|  30|0x00000000c5800000, 0x00000000c5900000, 0x00000000c5900000|100%| O|  |TAMS 0x00000000c5800000| PB 0x00000000c5800000| Untracked |  0
|  31|0x00000000c5900000, 0x00000000c5a00000, 0x00000000c5a00000|100%| O|  |TAMS 0x00000000c5900000| PB 0x00000000c5900000| Untracked |  0
|  32|0x00000000c5a00000, 0x00000000c5b00000, 0x00000000c5b00000|100%| O|  |TAMS 0x00000000c5a00000| PB 0x00000000c5a00000| Untracked |  0
|  33|0x00000000c5b00000, 0x00000000c5c00000, 0x00000000c5c00000|100%| O|  |TAMS 0x00000000c5b00000| PB 0x00000000c5b00000| Untracked |  0
|  34|0x00000000c5c00000, 0x00000000c5d00000, 0x00000000c5d00000|100%| O|  |TAMS 0x00000000c5c00000| PB 0x00000000c5c00000| Untracked |  0
|  35|0x00000000c5d00000, 0x00000000c5e00000, 0x00000000c5e00000|100%| O|  |TAMS 0x00000000c5d00000| PB 0x00000000c5d00000| Untracked |  0
|  36|0x00000000c5e00000, 0x00000000c5f00000, 0x00000000c5f00000|100%| O|  |TAMS 0x00000000c5e00000| PB 0x00000000c5e00000| Untracked |  0
|  37|0x00000000c5f00000, 0x00000000c6000000, 0x00000000c6000000|100%| O|  |TAMS 0x00000000c5f00000| PB 0x00000000c5f00000| Untracked |  0
|  38|0x00000000c6000000, 0x00000000c60bd718, 0x00000000c6100000| 74%| O|  |TAMS 0x00000000c6000000| PB 0x00000000c6000000| Untracked |  0
|  39|0x00000000c6100000, 0x00000000c6100000, 0x00000000c6200000|  0%| F|  |TAMS 0x00000000c6100000| PB 0x00000000c6100000| Untracked |  0
|  40|0x00000000c6200000, 0x00000000c6200000, 0x00000000c6300000|  0%| F|  |TAMS 0x00000000c6200000| PB 0x00000000c6200000| Untracked |  0
|  41|0x00000000c6300000, 0x00000000c6300000, 0x00000000c6400000|  0%| F|  |TAMS 0x00000000c6300000| PB 0x00000000c6300000| Untracked |  0
|  42|0x00000000c6400000, 0x00000000c644f4b8, 0x00000000c6500000| 30%| S|CS|TAMS 0x00000000c6400000| PB 0x00000000c6400000| Complete |  0
|  43|0x00000000c6500000, 0x00000000c6500000, 0x00000000c6600000|  0%| F|  |TAMS 0x00000000c6500000| PB 0x00000000c6500000| Untracked |  0
|  44|0x00000000c6600000, 0x00000000c6600000, 0x00000000c6700000|  0%| F|  |TAMS 0x00000000c6600000| PB 0x00000000c6600000| Untracked |  0
|  45|0x00000000c6700000, 0x00000000c6700000, 0x00000000c6800000|  0%| F|  |TAMS 0x00000000c6700000| PB 0x00000000c6700000| Untracked |  0
|  46|0x00000000c6800000, 0x00000000c6900000, 0x00000000c6900000|100%| S|CS|TAMS 0x00000000c6800000| PB 0x00000000c6800000| Complete |  0
|  47|0x00000000c6900000, 0x00000000c6900000, 0x00000000c6a00000|  0%| F|  |TAMS 0x00000000c6900000| PB 0x00000000c6900000| Untracked |  0
|  48|0x00000000c6a00000, 0x00000000c6a00000, 0x00000000c6b00000|  0%| F|  |TAMS 0x00000000c6a00000| PB 0x00000000c6a00000| Untracked |  0
|  49|0x00000000c6b00000, 0x00000000c6b00000, 0x00000000c6c00000|  0%| F|  |TAMS 0x00000000c6b00000| PB 0x00000000c6b00000| Untracked |  0
|  50|0x00000000c6c00000, 0x00000000c6c00000, 0x00000000c6d00000|  0%| F|  |TAMS 0x00000000c6c00000| PB 0x00000000c6c00000| Untracked |  0
|  51|0x00000000c6d00000, 0x00000000c6d00000, 0x00000000c6e00000|  0%| F|  |TAMS 0x00000000c6d00000| PB 0x00000000c6d00000| Untracked |  0
|  52|0x00000000c6e00000, 0x00000000c6e00000, 0x00000000c6f00000|  0%| F|  |TAMS 0x00000000c6e00000| PB 0x00000000c6e00000| Untracked |  0
|  53|0x00000000c6f00000, 0x00000000c6f00000, 0x00000000c7000000|  0%| F|  |TAMS 0x00000000c6f00000| PB 0x00000000c6f00000| Untracked |  0
|  54|0x00000000c7000000, 0x00000000c70fbba0, 0x00000000c7100000| 98%| E|  |TAMS 0x00000000c7000000| PB 0x00000000c7000000| Complete |  0
|  55|0x00000000c7100000, 0x00000000c7200000, 0x00000000c7200000|100%| E|CS|TAMS 0x00000000c7100000| PB 0x00000000c7100000| Complete |  0
|  56|0x00000000c7200000, 0x00000000c7300000, 0x00000000c7300000|100%| E|CS|TAMS 0x00000000c7200000| PB 0x00000000c7200000| Complete |  0
|  57|0x00000000c7300000, 0x00000000c7400000, 0x00000000c7400000|100%| E|  |TAMS 0x00000000c7300000| PB 0x00000000c7300000| Complete |  0
|  58|0x00000000c7400000, 0x00000000c7500000, 0x00000000c7500000|100%| E|CS|TAMS 0x00000000c7400000| PB 0x00000000c7400000| Complete |  0
|  59|0x00000000c7500000, 0x00000000c7600000, 0x00000000c7600000|100%| E|CS|TAMS 0x00000000c7500000| PB 0x00000000c7500000| Complete |  0
|  60|0x00000000c7600000, 0x00000000c7700000, 0x00000000c7700000|100%| E|CS|TAMS 0x00000000c7600000| PB 0x00000000c7600000| Complete |  0
|  61|0x00000000c7700000, 0x00000000c7800000, 0x00000000c7800000|100%| E|CS|TAMS 0x00000000c7700000| PB 0x00000000c7700000| Complete |  0
|  62|0x00000000c7800000, 0x00000000c7900000, 0x00000000c7900000|100%| E|CS|TAMS 0x00000000c7800000| PB 0x00000000c7800000| Complete |  0
|  63|0x00000000c7900000, 0x00000000c7a00000, 0x00000000c7a00000|100%| E|CS|TAMS 0x00000000c7900000| PB 0x00000000c7900000| Complete |  0
|  64|0x00000000c7a00000, 0x00000000c7b00000, 0x00000000c7b00000|100%| E|CS|TAMS 0x00000000c7a00000| PB 0x00000000c7a00000| Complete |  0
|  65|0x00000000c7b00000, 0x00000000c7c00000, 0x00000000c7c00000|100%| E|CS|TAMS 0x00000000c7b00000| PB 0x00000000c7b00000| Complete |  0
|  66|0x00000000c7c00000, 0x00000000c7d00000, 0x00000000c7d00000|100%| E|CS|TAMS 0x00000000c7c00000| PB 0x00000000c7c00000| Complete |  0
|  67|0x00000000c7d00000, 0x00000000c7e00000, 0x00000000c7e00000|100%| E|CS|TAMS 0x00000000c7d00000| PB 0x00000000c7d00000| Complete |  0
| 964|0x00000000ffe00000, 0x00000000fff00000, 0x00000000fff00000|100%| O|  |TAMS 0x00000000ffe00000| PB 0x00000000ffe00000| Untracked |  0
| 965|0x00000000fff00000, 0x0000000100000000, 0x0000000100000000|100%| E|CS|TAMS 0x00000000fff00000| PB 0x00000000fff00000| Complete |  0

Card table byte_map: [0x000002175dec0000,0x000002175e0b0000] _byte_map_base: 0x000002175d8a3000

Marking Bits: (CMBitMap*) 0x0000021746478b50
 Bits: [0x000002175e0b0000, 0x000002175efc8000)

Polling page: 0x0000021744230000

Metaspace:

Usage:
  Non-class:     78.39 MB used.
      Class:      9.96 MB used.
       Both:     88.34 MB used.

Virtual space:
  Non-class space:      128.00 MB reserved,      78.81 MB ( 62%) committed,  2 nodes.
      Class space:        1.00 GB reserved,      10.25 MB (  1%) committed,  1 nodes.
             Both:        1.12 GB reserved,      89.06 MB (  8%) committed. 

Chunk freelists:
   Non-Class:  1.16 MB
       Class:  5.70 MB
        Both:  6.86 MB

MaxMetaspaceSize: unlimited
CompressedClassSpaceSize: 1.00 GB
Initial GC threshold: 21.00 MB
Current GC threshold: 145.25 MB
CDS: on
 - commit_granule_bytes: 65536.
 - commit_granule_words: 8192.
 - virtual_space_node_default_size: 8388608.
 - enlarge_chunks_in_place: 1.
UseCompressedClassPointers 1, UseCompactObjectHeaders 0
Narrow klass pointer bits 32, Max shift 3
Narrow klass base: 0x0000021700000000, Narrow klass shift: 0
Encoding Range: [0x0000021700000000 - 0x0000021800000000), (4294967296 bytes)
Klass Range:    [0x0000021700000000 - 0x0000021741000000), (1090519040 bytes)
Klass ID Range:  [8 - 1090519033) (1090519025)


Internal statistics:

num_allocs_failed_limit: 8.
num_arena_births: 1028.
num_arena_deaths: 0.
num_vsnodes_births: 3.
num_vsnodes_deaths: 0.
num_space_committed: 1425.
num_space_uncommitted: 0.
num_chunks_returned_to_freelist: 8.
num_chunks_taken_from_freelist: 4186.
num_chunk_merges: 6.
num_chunk_splits: 3083.
num_chunks_enlarged: 2537.
num_inconsistent_stats: 0.

CodeHeap 'non-profiled nmethods': size=120064Kb used=3346Kb max_used=3428Kb free=116718Kb
 bounds [0x0000021756790000, 0x0000021756af0000, 0x000002175dcd0000]
CodeHeap 'profiled nmethods': size=120000Kb used=11849Kb max_used=11849Kb free=108150Kb
 bounds [0x000002174ecd0000, 0x000002174f870000, 0x0000021756200000]
CodeHeap 'non-nmethods': size=5696Kb used=1799Kb max_used=1914Kb free=3896Kb
 bounds [0x0000021756200000, 0x0000021756470000, 0x0000021756790000]
CodeCache: size=245760Kb, used=16994Kb, max_used=17191Kb, free=228764Kb
 total_blobs=7858, nmethods=7090, adapters=672, full_count=0
Compilation: enabled, stopped_count=0, restarted_count=0

Compilation events (20 events):
Event: 228.127 Thread 0x00000217411be8c0 nmethod 8118 0x000002174f855a08 code [0x000002174f855b40, 0x000002174f855ef8]
Event: 228.127 Thread 0x00000217411be8c0 8120   !   3       java.util.concurrent.locks.AbstractQueuedSynchronizer$ConditionObject::await (180 bytes)
Event: 228.134 Thread 0x00000217411be8c0 nmethod 8120 0x000002174f855f88 code [0x000002174f856280, 0x000002174f857a10]
Event: 228.459 Thread 0x00000217411be8c0 8121       1       org.apache.tomcat.util.net.NioEndpoint$NioSocketWrapper::interestOps (5 bytes)
Event: 228.460 Thread 0x00000217411be8c0 nmethod 8121 0x00000217568d1a88 code [0x00000217568d1b80, 0x00000217568d1c48]
Event: 228.752 Thread 0x00000217411be8c0 8122 %     3       javax.management.ObjectName::construct @ 448 (1135 bytes)
Event: 228.788 Thread 0x00000217411be8c0 nmethod 8122% 0x000002174f857a88 code [0x000002174f8580a0, 0x000002174f85c190]
Event: 240.137 Thread 0x00000217411be8c0 8123       3       sun.nio.ch.NioSocketImpl::configureNonBlockingIfNeeded (65 bytes)
Event: 240.143 Thread 0x00000217411be8c0 nmethod 8123 0x000002174f85c288 code [0x000002174f85c3c0, 0x000002174f85c780]
Event: 241.140 Thread 0x00000217411be8c0 8124   !   3       sun.rmi.transport.ConnectionInputStream::done (145 bytes)
Event: 241.192 Thread 0x00000217411be8c0 nmethod 8124 0x000002174f85c808 code [0x000002174f85cc80, 0x000002174f85ffb8]
Event: 241.192 Thread 0x00000217411be8c0 8125       3       java.util.AbstractCollection::containsAll (38 bytes)
Event: 241.195 Thread 0x00000217411be8c0 nmethod 8125 0x000002174f860188 code [0x000002174f860300, 0x000002174f860828]
Event: 242.390 Thread 0x00000217411be8c0 8126       3       jdk.internal.misc.Unsafe::getAndAddLong (27 bytes)
Event: 242.393 Thread 0x00000217411be8c0 nmethod 8126 0x000002174f860888 code [0x000002174f8609a0, 0x000002174f860c50]
Event: 242.468 Thread 0x000002174119a7d0 8127       4       java.util.concurrent.ConcurrentHashMap$KeyIterator::next (34 bytes)
Event: 242.468 Thread 0x00000217411be8c0 8128   !   3       java.util.logging.LogManager$LoggerContext::findLogger (113 bytes)
Event: 242.488 Thread 0x00000217411be8c0 nmethod 8128 0x000002174f860c88 code [0x000002174f860ea0, 0x000002174f862340]
Event: 242.514 Thread 0x000002174119a7d0 nmethod 8127 0x00000217568d1408 code [0x00000217568d1520, 0x00000217568d1a08]
Event: 242.681 Thread 0x000002174119a7d0 8129       4       org.springframework.core.ResolvableType::as (86 bytes)

GC Heap History (20 events):
Event: 14.975 GC heap before
{Heap before GC invocations=12 (full 0):
 garbage-first heap   total reserved 989184K, committed 58368K, used 49491K [0x00000000c3a00000, 0x0000000100000000)
  region size 1024K, 23 young (23552K), 2 survivors (2048K)
 Metaspace       used 51977K, committed 52480K, reserved 1114112K
  class space    used 5470K, committed 5696K, reserved 1048576K
}
Event: 14.984 GC heap after
{Heap after GC invocations=13 (full 0):
 garbage-first heap   total reserved 989184K, committed 58368K, used 30705K [0x00000000c3a00000, 0x0000000100000000)
  region size 1024K, 2 young (2048K), 2 survivors (2048K)
 Metaspace       used 51977K, committed 52480K, reserved 1114112K
  class space    used 5470K, committed 5696K, reserved 1048576K
}
Event: 15.793 GC heap before
{Heap before GC invocations=14 (full 0):
 garbage-first heap   total reserved 989184K, committed 58368K, used 50161K [0x00000000c3a00000, 0x0000000100000000)
  region size 1024K, 22 young (22528K), 2 survivors (2048K)
 Metaspace       used 57679K, committed 58240K, reserved 1114112K
  class space    used 5963K, committed 6208K, reserved 1048576K
}
Event: 15.799 GC heap after
{Heap after GC invocations=15 (full 0):
 garbage-first heap   total reserved 989184K, committed 58368K, used 31338K [0x00000000c3a00000, 0x0000000100000000)
  region size 1024K, 3 young (3072K), 3 survivors (3072K)
 Metaspace       used 57679K, committed 58240K, reserved 1114112K
  class space    used 5963K, committed 6208K, reserved 1048576K
}
Event: 16.349 GC heap before
{Heap before GC invocations=15 (full 0):
 garbage-first heap   total reserved 989184K, committed 58368K, used 48746K [0x00000000c3a00000, 0x0000000100000000)
  region size 1024K, 21 young (21504K), 3 survivors (3072K)
 Metaspace       used 64278K, committed 64832K, reserved 1114112K
  class space    used 6792K, committed 7040K, reserved 1048576K
}
Event: 16.355 GC heap after
{Heap after GC invocations=16 (full 0):
 garbage-first heap   total reserved 989184K, committed 58368K, used 32296K [0x00000000c3a00000, 0x0000000100000000)
  region size 1024K, 2 young (2048K), 2 survivors (2048K)
 Metaspace       used 64278K, committed 64832K, reserved 1114112K
  class space    used 6792K, committed 7040K, reserved 1048576K
}
Event: 16.901 GC heap before
{Heap before GC invocations=16 (full 0):
 garbage-first heap   total reserved 989184K, committed 58368K, used 50728K [0x00000000c3a00000, 0x0000000100000000)
  region size 1024K, 21 young (21504K), 2 survivors (2048K)
 Metaspace       used 68889K, committed 69440K, reserved 1114112K
  class space    used 7338K, committed 7552K, reserved 1048576K
}
Event: 16.905 GC heap after
{Heap after GC invocations=17 (full 0):
 garbage-first heap   total reserved 989184K, committed 58368K, used 33260K [0x00000000c3a00000, 0x0000000100000000)
  region size 1024K, 2 young (2048K), 2 survivors (2048K)
 Metaspace       used 68889K, committed 69440K, reserved 1114112K
  class space    used 7338K, committed 7552K, reserved 1048576K
}
Event: 17.766 GC heap before
{Heap before GC invocations=18 (full 0):
 garbage-first heap   total reserved 989184K, committed 58368K, used 51692K [0x00000000c3a00000, 0x0000000100000000)
  region size 1024K, 20 young (20480K), 2 survivors (2048K)
 Metaspace       used 71739K, committed 72320K, reserved 1114112K
  class space    used 7650K, committed 7872K, reserved 1048576K
}
Event: 17.774 GC heap after
{Heap after GC invocations=19 (full 0):
 garbage-first heap   total reserved 989184K, committed 58368K, used 34571K [0x00000000c3a00000, 0x0000000100000000)
  region size 1024K, 3 young (3072K), 3 survivors (3072K)
 Metaspace       used 71739K, committed 72320K, reserved 1114112K
  class space    used 7650K, committed 7872K, reserved 1048576K
}
Event: 18.699 GC heap before
{Heap before GC invocations=19 (full 0):
 garbage-first heap   total reserved 989184K, committed 58368K, used 49931K [0x00000000c3a00000, 0x0000000100000000)
  region size 1024K, 19 young (19456K), 3 survivors (3072K)
 Metaspace       used 74134K, committed 74752K, reserved 1179648K
  class space    used 7912K, committed 8192K, reserved 1048576K
}
Event: 18.707 GC heap after
{Heap after GC invocations=20 (full 0):
 garbage-first heap   total reserved 989184K, committed 58368K, used 35541K [0x00000000c3a00000, 0x0000000100000000)
  region size 1024K, 3 young (3072K), 3 survivors (3072K)
 Metaspace       used 74134K, committed 74752K, reserved 1179648K
  class space    used 7912K, committed 8192K, reserved 1048576K
}
Event: 19.301 GC heap before
{Heap before GC invocations=20 (full 0):
 garbage-first heap   total reserved 989184K, committed 58368K, used 50901K [0x00000000c3a00000, 0x0000000100000000)
  region size 1024K, 18 young (18432K), 3 survivors (3072K)
 Metaspace       used 75777K, committed 76416K, reserved 1179648K
  class space    used 8126K, committed 8384K, reserved 1048576K
}
Event: 19.311 GC heap after
{Heap after GC invocations=21 (full 0):
 garbage-first heap   total reserved 989184K, committed 70656K, used 36884K [0x00000000c3a00000, 0x0000000100000000)
  region size 1024K, 3 young (3072K), 3 survivors (3072K)
 Metaspace       used 75777K, committed 76416K, reserved 1179648K
  class space    used 8126K, committed 8384K, reserved 1048576K
}
Event: 20.289 GC heap before
{Heap before GC invocations=22 (full 0):
 garbage-first heap   total reserved 989184K, committed 70656K, used 61460K [0x00000000c3a00000, 0x0000000100000000)
  region size 1024K, 28 young (28672K), 3 survivors (3072K)
 Metaspace       used 79133K, committed 79808K, reserved 1179648K
  class space    used 8561K, committed 8832K, reserved 1048576K
}
Event: 20.298 GC heap after
{Heap after GC invocations=23 (full 0):
 garbage-first heap   total reserved 989184K, committed 70656K, used 39327K [0x00000000c3a00000, 0x0000000100000000)
  region size 1024K, 4 young (4096K), 4 survivors (4096K)
 Metaspace       used 79133K, committed 79808K, reserved 1179648K
  class space    used 8561K, committed 8832K, reserved 1048576K
}
Event: 21.679 GC heap before
{Heap before GC invocations=23 (full 0):
 garbage-first heap   total reserved 989184K, committed 70656K, used 60831K [0x00000000c3a00000, 0x0000000100000000)
  region size 1024K, 26 young (26624K), 4 survivors (4096K)
 Metaspace       used 83932K, committed 84608K, reserved 1179648K
  class space    used 9447K, committed 9728K, reserved 1048576K
}
Event: 21.690 GC heap after
{Heap after GC invocations=24 (full 0):
 garbage-first heap   total reserved 989184K, committed 70656K, used 40611K [0x00000000c3a00000, 0x0000000100000000)
  region size 1024K, 3 young (3072K), 3 survivors (3072K)
 Metaspace       used 83932K, committed 84608K, reserved 1179648K
  class space    used 9447K, committed 9728K, reserved 1048576K
}
Event: 186.460 GC heap before
{Heap before GC invocations=24 (full 0):
 garbage-first heap   total reserved 989184K, committed 70656K, used 61091K [0x00000000c3a00000, 0x0000000100000000)
  region size 1024K, 24 young (24576K), 3 survivors (3072K)
 Metaspace       used 88042K, committed 88832K, reserved 1179648K
  class space    used 9892K, committed 10240K, reserved 1048576K
}
Event: 186.529 GC heap after
{Heap after GC invocations=25 (full 0):
 garbage-first heap   total reserved 989184K, committed 70656K, used 42034K [0x00000000c3a00000, 0x0000000100000000)
  region size 1024K, 2 young (2048K), 2 survivors (2048K)
 Metaspace       used 88042K, committed 88832K, reserved 1179648K
  class space    used 9892K, committed 10240K, reserved 1048576K
}

Dll operation events (12 events):
Event: 0.028 Loaded shared library C:\Program Files\Java\jdk-24\bin\java.dll
Event: 0.081 Loaded shared library C:\Program Files\Java\jdk-24\bin\jsvml.dll
Event: 0.589 Loaded shared library C:\Program Files\Java\jdk-24\bin\zip.dll
Event: 0.596 Loaded shared library C:\Program Files\Java\jdk-24\bin\instrument.dll
Event: 0.607 Loaded shared library C:\Program Files\Java\jdk-24\bin\net.dll
Event: 0.610 Loaded shared library C:\Program Files\Java\jdk-24\bin\nio.dll
Event: 0.617 Loaded shared library C:\Program Files\Java\jdk-24\bin\zip.dll
Event: 0.988 Loaded shared library C:\Program Files\Java\jdk-24\bin\jimage.dll
Event: 1.256 Loaded shared library C:\Program Files\Java\jdk-24\bin\extnet.dll
Event: 1.363 Loaded shared library C:\Program Files\Java\jdk-24\bin\management.dll
Event: 1.407 Loaded shared library C:\Program Files\Java\jdk-24\bin\management_ext.dll
Event: 6.256 Loaded shared library C:\Program Files\Java\jdk-24\bin\sunmscapi.dll

Deoptimization events (20 events):
Event: 188.119 Thread 0x0000021766873b40 DEOPT PACKING pc=0x000002174ed4cf46 sp=0x0000006ef74fb6e0
Event: 188.119 Thread 0x0000021766873b40 DEOPT UNPACKING pc=0x0000021756256642 sp=0x0000006ef74fabc0 mode 0
Event: 188.121 Thread 0x0000021766873b40 DEOPT PACKING pc=0x000002174ed4cf46 sp=0x0000006ef74fb6e0
Event: 188.121 Thread 0x0000021766873b40 DEOPT UNPACKING pc=0x0000021756256642 sp=0x0000006ef74fabc0 mode 0
Event: 188.124 Thread 0x0000021766873b40 DEOPT PACKING pc=0x000002174ed4cf46 sp=0x0000006ef74fb6e0
Event: 188.124 Thread 0x0000021766873b40 DEOPT UNPACKING pc=0x0000021756256642 sp=0x0000006ef74fabc0 mode 0
Event: 188.126 Thread 0x0000021766873b40 DEOPT PACKING pc=0x000002174ed4cf46 sp=0x0000006ef74fb6e0
Event: 188.126 Thread 0x0000021766873b40 DEOPT UNPACKING pc=0x0000021756256642 sp=0x0000006ef74fabc0 mode 0
Event: 188.132 Thread 0x0000021766873b40 DEOPT PACKING pc=0x000002174ed4cf46 sp=0x0000006ef74fb6e0
Event: 188.132 Thread 0x0000021766873b40 DEOPT UNPACKING pc=0x0000021756256642 sp=0x0000006ef74fabc0 mode 0
Event: 188.140 Thread 0x0000021766873b40 DEOPT PACKING pc=0x000002174ed4cf46 sp=0x0000006ef74fb6e0
Event: 188.140 Thread 0x0000021766873b40 DEOPT UNPACKING pc=0x0000021756256642 sp=0x0000006ef74fabc0 mode 0
Event: 188.142 Thread 0x0000021766873b40 DEOPT PACKING pc=0x000002174ed4cf46 sp=0x0000006ef74fb6e0
Event: 188.142 Thread 0x0000021766873b40 DEOPT UNPACKING pc=0x0000021756256642 sp=0x0000006ef74fabc0 mode 0
Event: 188.144 Thread 0x0000021766873b40 DEOPT PACKING pc=0x000002174ed4cf46 sp=0x0000006ef74fb6e0
Event: 188.144 Thread 0x0000021766873b40 DEOPT UNPACKING pc=0x0000021756256642 sp=0x0000006ef74fabc0 mode 0
Event: 189.333 Thread 0x0000021766873b40 Uncommon trap: trap_request=0xffffff66 fr.pc=0x0000021756a35cd8 relative=0x0000000000000578
Event: 189.333 Thread 0x0000021766873b40 Uncommon trap: reason=speculate_class_check action=maybe_recompile pc=0x0000021756a35cd8 method=org.springframework.core.MethodParameter.getGenericParameterType()Ljava/lang/reflect/Type; @ 17 c2
Event: 189.333 Thread 0x0000021766873b40 DEOPT PACKING pc=0x0000021756a35cd8 sp=0x0000006ef74fc160
Event: 189.334 Thread 0x0000021766873b40 DEOPT UNPACKING pc=0x000002175631f802 sp=0x0000006ef74fc0c0 mode 2

Classes loaded (20 events):
Event: 188.904 Loading class sun/nio/ch/FileChannelImpl$DefaultUnmapper
Event: 188.905 Loading class sun/nio/ch/FileChannelImpl$Unmapper
Event: 188.906 Loading class jdk/internal/access/foreign/UnmapperProxy
Event: 188.906 Loading class jdk/internal/access/foreign/UnmapperProxy done
Event: 188.906 Loading class sun/nio/ch/FileChannelImpl$Unmapper done
Event: 188.906 Loading class sun/nio/ch/FileChannelImpl$DefaultUnmapper done
Event: 189.309 Loading class java/time/format/DateTimeFormatterBuilder$ZoneTextPrinterParser
Event: 189.313 Loading class java/time/format/DateTimeFormatterBuilder$ZoneTextPrinterParser done
Event: 189.315 Loading class java/time/format/DateTimeFormatterBuilder$ReducedPrinterParser
Event: 189.316 Loading class java/time/format/DateTimeFormatterBuilder$ReducedPrinterParser done
Event: 189.738 Loading class java/util/stream/LongStream
Event: 189.739 Loading class java/util/stream/LongStream done
Event: 189.739 Loading class java/util/stream/DoubleStream
Event: 189.740 Loading class java/util/stream/DoubleStream done
Event: 189.755 Loading class org/w3c/dom/Node
Event: 189.756 Loading class org/w3c/dom/Node done
Event: 189.756 Loading class org/w3c/dom/Document
Event: 189.756 Loading class org/w3c/dom/Document done
Event: 242.361 Loading class jdk/internal/misc/Signal$1
Event: 242.383 Loading class jdk/internal/misc/Signal$1 done

Classes unloaded (0 events):
No events

Classes redefined (0 events):
No events

Internal exceptions (20 events):
Event: 21.926 Thread 0x0000021746440b90 Exception <a 'java/lang/NoSuchMethodError'{0x00000000c785d288}: 'java.lang.Object java.lang.invoke.DirectMethodHandle$Holder.invokeStatic(java.lang.Object, java.lang.Object, java.lang.Object, java.lang.Object, java.lang.Object, java.lang.Object, java.lang.Object, java.lang.Object, java.lang.Object, int)'> (0x00000000c785d288) 
thrown [s\open\src\hotspot\share\interpreter\linkResolver.cpp, line 805]
Event: 21.996 Thread 0x0000021746440b90 Exception <a 'java/lang/NoSuchMethodError'{0x00000000c760e5c0}: 'java.lang.Object java.lang.invoke.DirectMethodHandle$Holder.newInvokeSpecial(java.lang.Object, java.lang.Object, int, int)'> (0x00000000c760e5c0) 
thrown [s\open\src\hotspot\share\interpreter\linkResolver.cpp, line 805]
Event: 22.013 Thread 0x0000021746440b90 Exception <a 'java/lang/NoSuchMethodError'{0x00000000c767f400}: 'void java.lang.invoke.DirectMethodHandle$Holder.invokeStatic(java.lang.Object, java.lang.Object, int, int, java.lang.Object)'> (0x00000000c767f400) 
thrown [s\open\src\hotspot\share\interpreter\linkResolver.cpp, line 805]
Event: 22.024 Thread 0x0000021746440b90 Exception <a 'java/lang/NoSuchMethodError'{0x00000000c76d0048}: 'void java.lang.invoke.DirectMethodHandle$Holder.invokeSpecialIFC(java.lang.Object, java.lang.Object, int, java.lang.Object, java.lang.Object, java.lang.Object, java.lang.Object)'> (0x00000000c76d0048) 
thrown [s\open\src\hotspot\share\interpreter\linkResolver.cpp, line 805]
Event: 181.389 Thread 0x00000217674dd9c0 Exception <a 'java/lang/NoSuchMethodError'{0x00000000c6e0d480}: 'java.lang.Object java.lang.invoke.DirectMethodHandle$Holder.invokeStatic(java.lang.Object, java.lang.Object, java.lang.Object, int, int)'> (0x00000000c6e0d480) 
thrown [s\open\src\hotspot\share\interpreter\linkResolver.cpp, line 805]
Event: 181.456 Thread 0x00000217674dd9c0 Exception <a 'java/lang/NoSuchMethodError'{0x00000000c6e153d0}: 'java.lang.Object java.lang.invoke.DirectMethodHandle$Holder.invokeStaticInit(java.lang.Object, java.lang.Object, java.lang.Object, int, int)'> (0x00000000c6e153d0) 
thrown [s\open\src\hotspot\share\interpreter\linkResolver.cpp, line 805]
Event: 183.241 Thread 0x0000021766874290 Exception <a 'java/lang/NoSuchMethodError'{0x00000000c6d55aa0}: 'java.lang.Object java.lang.invoke.DirectMethodHandle$Holder.invokeSpecial(java.lang.Object, java.lang.Object, java.lang.Object, java.lang.Object, java.lang.Object, long)'> (0x00000000c6d55aa0) 
thrown [s\open\src\hotspot\share\interpreter\linkResolver.cpp, line 805]
Event: 183.247 Thread 0x0000021766874290 Exception <a 'java/lang/NoSuchMethodError'{0x00000000c6d5e320}: 'java.lang.Object java.lang.invoke.DirectMethodHandle$Holder.invokeSpecial(java.lang.Object, java.lang.Object, java.lang.Object, java.lang.Object, java.lang.Object, java.lang.Object, long)'> (0x00000000c6d5e320) 
thrown [s\open\src\hotspot\share\interpreter\linkResolver.cpp, line 805]
Event: 183.249 Thread 0x0000021766874290 Exception <a 'java/lang/NoSuchMethodError'{0x00000000c6d62678}: 'java.lang.Object java.lang.invoke.DelegatingMethodHandle$Holder.reinvoke_L(java.lang.Object, java.lang.Object, java.lang.Object, java.lang.Object, java.lang.Object, long)'> (0x00000000c6d62678) 
thrown [s\open\src\hotspot\share\interpreter\linkResolver.cpp, line 805]
Event: 183.260 Thread 0x0000021766874290 Exception <a 'java/lang/NoSuchMethodError'{0x00000000c6d76be8}: 'java.lang.Object java.lang.invoke.Invokers$Holder.linkToTargetMethod(java.lang.Object, java.lang.Object, java.lang.Object, long, java.lang.Object)'> (0x00000000c6d76be8) 
thrown [s\open\src\hotspot\share\interpreter\linkResolver.cpp, line 805]
Event: 184.382 Thread 0x0000021766873b40 Exception <a 'java/io/IOException'{0x00000000c6b53e78}> (0x00000000c6b53e78) 
thrown [s\open\src\hotspot\share\prims\jni.cpp, line 518]
Event: 187.190 Thread 0x0000021766873b40 Exception <a 'java/lang/IncompatibleClassChangeError'{0x00000000c7a879c0}: Found class java.lang.Object, but interface was expected> (0x00000000c7a879c0) 
thrown [s\open\src\hotspot\share\interpreter\linkResolver.cpp, line 872]
Event: 188.551 Thread 0x0000021766873b40 Exception <a 'java/lang/NoSuchMethodError'{0x00000000c77f3d08}: 'int java.lang.invoke.DirectMethodHandle$Holder.invokeStatic(java.lang.Object, java.lang.Object, int, int)'> (0x00000000c77f3d08) 
thrown [s\open\src\hotspot\share\interpreter\linkResolver.cpp, line 805]
Event: 188.858 Thread 0x0000021766873b40 Exception <a 'sun/nio/fs/WindowsException'{0x00000000c768a498}> (0x00000000c768a498) 
thrown [s\open\src\hotspot\share\prims\jni.cpp, line 518]
Event: 188.909 Thread 0x0000021766873b40 Exception <a 'java/lang/NoSuchMethodError'{0x00000000c76a4080}: 'java.lang.Object java.lang.invoke.DelegatingMethodHandle$Holder.reinvoke_L(java.lang.Object, int, long, java.lang.Object, java.lang.Object, int, java.lang.Object)'> (0x00000000c76a4080) 
thrown [s\open\src\hotspot\share\interpreter\linkResolver.cpp, line 805]
Event: 189.132 Thread 0x0000021766873b40 Exception <a 'java/lang/NoSuchMethodError'{0x00000000c75afd40}: 'java.lang.Object java.lang.invoke.Invokers$Holder.linkToTargetMethod(java.lang.Object, int, java.lang.Object, java.lang.Object, java.lang.Object, java.lang.Object)'> (0x00000000c75afd40) 
thrown [s\open\src\hotspot\share\interpreter\linkResolver.cpp, line 805]
Event: 189.171 Thread 0x0000021766873b40 Exception <a 'java/lang/IncompatibleClassChangeError'{0x00000000c7410020}: Found class java.lang.Object, but interface was expected> (0x00000000c7410020) 
thrown [s\open\src\hotspot\share\interpreter\linkResolver.cpp, line 872]
Event: 242.961 Thread 0x0000021766d8efa0 Exception <a 'java/lang/NoSuchMethodError'{0x00000000c70a4040}: 'java.lang.Object java.lang.invoke.DirectMethodHandle$Holder.newInvokeSpecial(java.lang.Object, java.lang.Object, java.lang.Object, java.lang.Object, int)'> (0x00000000c70a4040) 
thrown [s\open\src\hotspot\share\interpreter\linkResolver.cpp, line 805]
Event: 242.980 Thread 0x0000021766d8efa0 Exception <a 'java/lang/NoSuchMethodError'{0x00000000c70ac910}: 'java.lang.Object java.lang.invoke.DirectMethodHandle$Holder.invokeSpecial(java.lang.Object, java.lang.Object, java.lang.Object, java.lang.Object, java.lang.Object, int)'> (0x00000000c70ac910) 
thrown [s\open\src\hotspot\share\interpreter\linkResolver.cpp, line 805]
Event: 242.982 Thread 0x0000021766d8efa0 Exception <a 'java/lang/NoSuchMethodError'{0x00000000c70b4788}: 'java.lang.Object java.lang.invoke.Invokers$Holder.linkToTargetMethod(java.lang.Object, java.lang.Object, java.lang.Object, int, java.lang.Object)'> (0x00000000c70b4788) 
thrown [s\open\src\hotspot\share\interpreter\linkResolver.cpp, line 805]

VM Operations (20 events):
Event: 185.752 Executing VM operation: HandshakeAllThreads (Deoptimize)
Event: 185.780 Executing VM operation: HandshakeAllThreads (Deoptimize) done
Event: 186.458 Executing VM operation: G1CollectForAllocation (G1 Evacuation Pause)
Event: 186.530 Executing VM operation: G1CollectForAllocation (G1 Evacuation Pause) done
Event: 187.323 Executing VM operation: G1PauseRemark
Event: 187.385 Executing VM operation: G1PauseRemark done
Event: 187.425 Executing VM operation: G1PauseCleanup
Event: 187.426 Executing VM operation: G1PauseCleanup done
Event: 188.401 Executing VM operation: HandshakeAllThreads (Deoptimize)
Event: 188.402 Executing VM operation: HandshakeAllThreads (Deoptimize) done
Event: 189.319 Executing VM operation: HandshakeAllThreads (Deoptimize)
Event: 189.319 Executing VM operation: HandshakeAllThreads (Deoptimize) done
Event: 189.323 Executing VM operation: HandshakeAllThreads (Deoptimize)
Event: 189.323 Executing VM operation: HandshakeAllThreads (Deoptimize) done
Event: 189.820 Executing VM operation: HandshakeAllThreads (Deoptimize)
Event: 189.820 Executing VM operation: HandshakeAllThreads (Deoptimize) done
Event: 240.418 Executing VM operation: HandshakeAllThreads (HandshakeForDeflation)
Event: 240.421 Executing VM operation: HandshakeAllThreads (HandshakeForDeflation) done
Event: 240.421 Executing VM operation: RendezvousGCThreads
Event: 240.421 Executing VM operation: RendezvousGCThreads done

Memory protections (0 events):
No events

Nmethod flushes (20 events):
Event: 187.368 Thread 0x000002174116ff20 flushing  nmethod 0x00000217568c8408
Event: 187.369 Thread 0x000002174116ff20 flushing  nmethod 0x000002175694db88
Event: 187.369 Thread 0x000002174116ff20 flushing  nmethod 0x0000021756953308
Event: 187.369 Thread 0x000002174116ff20 flushing  nmethod 0x0000021756960188
Event: 187.369 Thread 0x000002174116ff20 flushing  nmethod 0x0000021756969188
Event: 187.369 Thread 0x000002174116ff20 flushing  nmethod 0x000002174ed15908
Event: 187.369 Thread 0x000002174116ff20 flushing  nmethod 0x000002174ed44e88
Event: 187.369 Thread 0x000002174116ff20 flushing  nmethod 0x000002174ed78708
Event: 187.369 Thread 0x000002174116ff20 flushing  nmethod 0x000002174eda4f08
Event: 187.369 Thread 0x000002174116ff20 flushing  nmethod 0x000002174ee97688
Event: 187.369 Thread 0x000002174116ff20 flushing  nmethod 0x000002174f07df88
Event: 187.369 Thread 0x000002174116ff20 flushing  nmethod 0x000002174f3b7488
Event: 187.369 Thread 0x000002174116ff20 flushing  nmethod 0x000002174f3b7988
Event: 187.369 Thread 0x000002174116ff20 flushing  nmethod 0x000002174f3bcb08
Event: 187.369 Thread 0x000002174116ff20 flushing  nmethod 0x000002174f3bde08
Event: 187.369 Thread 0x000002174116ff20 flushing  nmethod 0x000002174f3f7088
Event: 187.369 Thread 0x000002174116ff20 flushing  nmethod 0x000002174f3f8d88
Event: 187.369 Thread 0x000002174116ff20 flushing  nmethod 0x000002174f4afe08
Event: 187.370 Thread 0x000002174116ff20 flushing  nmethod 0x000002174f503d88
Event: 187.370 Thread 0x000002174116ff20 flushing  nmethod 0x000002174f65b688

Events (20 events):
Event: 18.128 Thread 0x0000021746440b90 Thread added: 0x0000021766875130
Event: 20.299 Thread 0x000002174296b060 Thread exited: 0x000002174296b060
Event: 20.330 Thread 0x0000021746440b90 Thread added: 0x0000021766873b40
Event: 20.330 Thread 0x0000021746440b90 Thread added: 0x0000021766874290
Event: 20.330 Thread 0x0000021746440b90 Thread added: 0x00000217668749e0
Event: 20.330 Thread 0x0000021746440b90 Thread added: 0x0000021766871e00
Event: 20.330 Thread 0x0000021746440b90 Thread added: 0x0000021766872ca0
Event: 20.330 Thread 0x0000021746440b90 Thread added: 0x000002174296b060
Event: 20.330 Thread 0x0000021746440b90 Thread added: 0x00000217674dd270
Event: 20.330 Thread 0x0000021746440b90 Thread added: 0x00000217674dcb20
Event: 20.330 Thread 0x0000021746440b90 Thread added: 0x00000217674df700
Event: 20.331 Thread 0x0000021746440b90 Thread added: 0x00000217674dc3d0
Event: 20.356 Thread 0x0000021746440b90 Thread added: 0x00000217674de860
Event: 20.360 Thread 0x0000021746440b90 Thread added: 0x00000217674dd9c0
Event: 22.378 Thread 0x0000021746440b90 Thread exited: 0x0000021746440b90
Event: 22.378 Thread 0x0000021766d8e850 Thread added: 0x0000021766d8e850
Event: 242.399 Thread 0x0000021741188000 Thread added: 0x0000021766d8cb10
Event: 242.437 Thread 0x0000021766d8cb10 Thread added: 0x0000021766d8efa0
Event: 242.438 Thread 0x0000021766d8cb10 Thread added: 0x0000021766d8d260
Event: 242.472 Thread 0x0000021766d8d260 Thread exited: 0x0000021766d8d260


Dynamic libraries:
0x00007ff79e670000 - 0x00007ff79e680000 	C:\Program Files\Java\jdk-24\bin\java.exe
0x00007ff9f7880000 - 0x00007ff9f7ae8000 	C:\WINDOWS\SYSTEM32\ntdll.dll
0x00007ff9f6870000 - 0x00007ff9f6939000 	C:\WINDOWS\System32\KERNEL32.DLL
0x00007ff9f4420000 - 0x00007ff9f4811000 	C:\WINDOWS\System32\KERNELBASE.dll
0x00007ff9f4820000 - 0x00007ff9f496b000 	C:\WINDOWS\System32\ucrtbase.dll
0x00007ff9e50f0000 - 0x00007ff9e510b000 	C:\Program Files\Java\jdk-24\bin\VCRUNTIME140.dll
0x00007ff9e5180000 - 0x00007ff9e5196000 	C:\Program Files\Java\jdk-24\bin\jli.dll
0x00007ff9f5f30000 - 0x00007ff9f60f6000 	C:\WINDOWS\System32\USER32.dll
0x00007ff9ddfa0000 - 0x00007ff9de233000 	C:\WINDOWS\WinSxS\amd64_microsoft.windows.common-controls_6595b64144ccf1df_6.0.26100.7824_none_3e0870b2e3345462\COMCTL32.dll
0x00007ff9f5960000 - 0x00007ff9f5a09000 	C:\WINDOWS\System32\msvcrt.dll
0x00007ff9f5540000 - 0x00007ff9f5567000 	C:\WINDOWS\System32\win32u.dll
0x00007ff9f5b80000 - 0x00007ff9f5bab000 	C:\WINDOWS\System32\GDI32.dll
0x00007ff9f5410000 - 0x00007ff9f553b000 	C:\WINDOWS\System32\gdi32full.dll
0x00007ff9f5570000 - 0x00007ff9f5613000 	C:\WINDOWS\System32\msvcp_win.dll
0x00007ff9f70f0000 - 0x00007ff9f7121000 	C:\WINDOWS\System32\IMM32.DLL
0x00007ff9e50e0000 - 0x00007ff9e50ec000 	C:\Program Files\Java\jdk-24\bin\vcruntime140_1.dll
0x00007ff9e1420000 - 0x00007ff9e14ae000 	C:\Program Files\Java\jdk-24\bin\msvcp140.dll
0x00007ff9ae2b0000 - 0x00007ff9af051000 	C:\Program Files\Java\jdk-24\bin\server\jvm.dll
0x00007ff9f5cf0000 - 0x00007ff9f5da4000 	C:\WINDOWS\System32\ADVAPI32.dll
0x00007ff9f5bb0000 - 0x00007ff9f5c56000 	C:\WINDOWS\System32\sechost.dll
0x00007ff9f7720000 - 0x00007ff9f7838000 	C:\WINDOWS\System32\RPCRT4.dll
0x00007ff9f6e00000 - 0x00007ff9f6e74000 	C:\WINDOWS\System32\WS2_32.dll
0x00007ff9f3fe0000 - 0x00007ff9f403e000 	C:\WINDOWS\SYSTEM32\POWRPROF.dll
0x00007ff9de280000 - 0x00007ff9de2b5000 	C:\WINDOWS\SYSTEM32\WINMM.dll
0x00007ff9ebd40000 - 0x00007ff9ebd4b000 	C:\WINDOWS\SYSTEM32\VERSION.dll
0x00007ff9f3fc0000 - 0x00007ff9f3fd4000 	C:\WINDOWS\SYSTEM32\UMPDC.dll
0x00007ff9f2ee0000 - 0x00007ff9f2efb000 	C:\WINDOWS\SYSTEM32\kernel.appcore.dll
0x00007ff9e50d0000 - 0x00007ff9e50da000 	C:\Program Files\Java\jdk-24\bin\jimage.dll
0x00007ff9f1fc0000 - 0x00007ff9f2202000 	C:\WINDOWS\SYSTEM32\DBGHELP.DLL
0x00007ff9f7130000 - 0x00007ff9f74b6000 	C:\WINDOWS\System32\combase.dll
0x00007ff9f5e50000 - 0x00007ff9f5f27000 	C:\WINDOWS\System32\OLEAUT32.dll
0x00007ff9da0b0000 - 0x00007ff9da0eb000 	C:\WINDOWS\SYSTEM32\dbgcore.DLL
0x00007ff9f4970000 - 0x00007ff9f4a15000 	C:\WINDOWS\System32\bcryptPrimitives.dll
0x00007ff9e5040000 - 0x00007ff9e504f000 	C:\Program Files\Java\jdk-24\bin\instrument.dll
0x00007ff9e4100000 - 0x00007ff9e411e000 	C:\Program Files\Java\jdk-24\bin\java.dll
0x00007ff9f5620000 - 0x00007ff9f57b7000 	C:\WINDOWS\System32\ole32.dll
0x00007ff9f6110000 - 0x00007ff9f6862000 	C:\WINDOWS\System32\SHELL32.dll
0x00007ff9f4220000 - 0x00007ff9f438a000 	C:\WINDOWS\System32\wintypes.dll
0x00007ff9f4ba0000 - 0x00007ff9f5403000 	C:\WINDOWS\System32\windows.storage.dll
0x00007ff9f7520000 - 0x00007ff9f7616000 	C:\WINDOWS\System32\SHCORE.dll
0x00007ff9f5c80000 - 0x00007ff9f5ce7000 	C:\WINDOWS\System32\shlwapi.dll
0x00007ff9f4080000 - 0x00007ff9f40a9000 	C:\WINDOWS\SYSTEM32\profapi.dll
0x00007ff9e0480000 - 0x00007ff9e0557000 	C:\Program Files\Java\jdk-24\bin\jsvml.dll
0x00007ff9e3d00000 - 0x00007ff9e3d17000 	C:\Program Files\Java\jdk-24\bin\zip.dll
0x00007ff9e42c0000 - 0x00007ff9e42d0000 	C:\Program Files\Java\jdk-24\bin\net.dll
0x00007ff9f3470000 - 0x00007ff9f34db000 	C:\WINDOWS\system32\mswsock.dll
0x00007ff9e3f20000 - 0x00007ff9e3f36000 	C:\Program Files\Java\jdk-24\bin\nio.dll
0x00007ff9f29c0000 - 0x00007ff9f2aec000 	C:\WINDOWS\SYSTEM32\DNSAPI.dll
0x00007ff9f2920000 - 0x00007ff9f2954000 	C:\WINDOWS\SYSTEM32\IPHLPAPI.DLL
0x00007ff9f6100000 - 0x00007ff9f610a000 	C:\WINDOWS\System32\NSI.dll
0x00007ff9e6f40000 - 0x00007ff9e6f4b000 	C:\Windows\System32\rasadhlp.dll
0x00007ff9e78f0000 - 0x00007ff9e7976000 	C:\WINDOWS\System32\fwpuclnt.dll
0x00007ff9e40f0000 - 0x00007ff9e40f9000 	C:\Program Files\Java\jdk-24\bin\extnet.dll
0x00007ff9e3f10000 - 0x00007ff9e3f1a000 	C:\Program Files\Java\jdk-24\bin\management.dll
0x00007ff9e3cf0000 - 0x00007ff9e3cfb000 	C:\Program Files\Java\jdk-24\bin\management_ext.dll
0x00007ff9f5c70000 - 0x00007ff9f5c78000 	C:\WINDOWS\System32\PSAPI.DLL
0x00007ff9f3740000 - 0x00007ff9f375b000 	C:\WINDOWS\SYSTEM32\CRYPTSP.dll
0x00007ff9f2e40000 - 0x00007ff9f2e79000 	C:\WINDOWS\system32\rsaenh.dll
0x00007ff9f3520000 - 0x00007ff9f354b000 	C:\WINDOWS\SYSTEM32\USERENV.dll
0x00007ff9f4050000 - 0x00007ff9f407a000 	C:\WINDOWS\SYSTEM32\bcrypt.dll
0x00007ff9f3760000 - 0x00007ff9f376c000 	C:\WINDOWS\SYSTEM32\CRYPTBASE.dll
0x00007ff9d1c50000 - 0x00007ff9d1c68000 	C:\WINDOWS\system32\napinsp.dll
0x00007ff9d1c30000 - 0x00007ff9d1c42000 	C:\WINDOWS\System32\winrnr.dll
0x00007ff9d1c00000 - 0x00007ff9d1c22000 	C:\WINDOWS\system32\nlansp_c.dll
0x00007ff9d1be0000 - 0x00007ff9d1bf6000 	C:\WINDOWS\system32\wshbth.dll
0x00007ff9d35b0000 - 0x00007ff9d3606000 	C:\WINDOWS\SYSTEM32\pdh.dll
0x00007ff9ef5f0000 - 0x00007ff9ef602000 	C:\WINDOWS\System32\perfproc.dll
0x00007ff9e3140000 - 0x00007ff9e314e000 	C:\Program Files\Java\jdk-24\bin\sunmscapi.dll
0x00007ff9f4a20000 - 0x00007ff9f4b97000 	C:\WINDOWS\System32\CRYPT32.dll
0x00007ff9f3960000 - 0x00007ff9f3990000 	C:\WINDOWS\SYSTEM32\ncrypt.dll
0x00007ff9f3910000 - 0x00007ff9f394f000 	C:\WINDOWS\SYSTEM32\NTASN1.dll
0x00007ff98e3e0000 - 0x00007ff98e3e8000 	C:\WINDOWS\system32\wshunix.dll

JVMTI agents:
C:\Program Files\JetBrains\IntelliJ IDEA Community Edition 2025.2.1\lib\idea_rt.jar path:C:\Program Files\Java\jdk-24\bin\instrument.dll, loaded, initialized, instrumentlib options:60060

dbghelp: loaded successfully - version: 4.0.5 - missing functions: none
symbol engine: initialized successfully - sym options: 0x614 - pdb path: .;C:\Program Files\Java\jdk-24\bin;C:\WINDOWS\SYSTEM32;C:\WINDOWS\WinSxS\amd64_microsoft.windows.common-controls_6595b64144ccf1df_6.0.26100.7824_none_3e0870b2e3345462;C:\Program Files\Java\jdk-24\bin\server

VM Arguments:
jvm_args: -javaagent:C:\Program Files\JetBrains\IntelliJ IDEA Community Edition 2025.2.1\lib\idea_rt.jar=60060 -Dfile.encoding=UTF-8 -Dsun.stdout.encoding=UTF-8 -Dsun.stderr.encoding=UTF-8 
java_command: com.rmis.rmis.RmisApplication
java_class_path (initial): C:\Users\DELL\Desktop\SE project\RMIS\rmis-BE\rmis\target\classes;C:\Users\DELL\.m2\repository\org\springframework\boot\spring-boot-starter-data-jdbc\4.0.2\spring-boot-starter-data-jdbc-4.0.2.jar;C:\Users\DELL\.m2\repository\org\springframework\boot\spring-boot-starter\4.0.2\spring-boot-starter-4.0.2.jar;C:\Users\DELL\.m2\repository\org\springframework\boot\spring-boot-starter-logging\4.0.2\spring-boot-starter-logging-4.0.2.jar;C:\Users\DELL\.m2\repository\ch\qos\logback\logback-classic\1.5.25\logback-classic-1.5.25.jar;C:\Users\DELL\.m2\repository\ch\qos\logback\logback-core\1.5.25\logback-core-1.5.25.jar;C:\Users\DELL\.m2\repository\org\apache\logging\log4j\log4j-to-slf4j\2.25.3\log4j-to-slf4j-2.25.3.jar;C:\Users\DELL\.m2\repository\org\apache\logging\log4j\log4j-api\2.25.3\log4j-api-2.25.3.jar;C:\Users\DELL\.m2\repository\org\slf4j\jul-to-slf4j\2.0.17\jul-to-slf4j-2.0.17.jar;C:\Users\DELL\.m2\repository\org\springframework\boot\spring-boot-autoconfigure\4.0.2\spring-boot-autoconfigure-4.0.2.jar;C:\Users\DELL\.m2\repository\jakarta\annotation\jakarta.annotation-api\3.0.0\jakarta.annotation-api-3.0.0.jar;C:\Users\DELL\.m2\repository\org\yaml\snakeyaml\2.5\snakeyaml-2.5.jar;C:\Users\DELL\.m2\repository\org\springframework\boot\spring-boot-starter-jdbc\4.0.2\spring-boot-starter-jdbc-4.0.2.jar;C:\Users\DELL\.m2\repository\com\zaxxer\HikariCP\7.0.2\HikariCP-7.0.2.jar;C:\Users\DELL\.m2\repository\org\slf4j\slf4j-api\2.0.17\slf4j-api-2.0.17.jar;C:\Users\DELL\.m2\repository\org\springframework\boot\spring-boot-data-jdbc\4.0.2\spring-boot-data-jdbc-4.0.2.jar;C:\Users\DELL\.m2\repository\org\springframework\boot\spring-boot-data-commons\4.0.2\spring-boot-data-commons-4.0.2.jar;C:\Users\DELL\.m2\repository\org\springframework\boot\spring-boot-persistence\4.0.2\spring-boot-persistence-4.0.2.jar;C:\Users\DELL\.m2\repository\org\springframework\data\spring-data-commons\4.0.2\spring-data-commons-4.0.2.jar;C:\Users\DELL\.m2\repository\org\springframework\data\spring-data-jdbc\4.0.2\spring-data-jdbc-4.0.2.jar;C:\Users\DELL\.m2\repository\org\springframework\data\spring-data-relational\4.0.2\spring-data-relational-4.0.2.jar;C:\Users\DELL\.m2\repository\org\springframework\spring-tx\7.0.3\spring-tx-7.0.3.jar;C:\Users\DELL\.m2\repository\org\springframework\spring-context\7.0.3\spring-context-7.0.3.jar;C:\Users\DELL\.m2\repository\org\springframework\boot\spring-boot-jdbc\4.0.2\spring-boot-jdbc-4.0.2.jar;C:\Users\DELL\.m2\repository\org\springframework\boot\spring-boot\4.0.2\spring-boot-4.0.2.jar;C:\Users\DELL\.m2\repository\org\springframework\boot\spring-boot-sql\4.0.2\spring-boot-sql-4.0.2.jar;C:\Users\DELL\.m2\repository\org\springframework\boot\spring-boot-transaction\4.0.2\spring-boot-transaction-4.0.2.jar;C:\Users\DELL\.m2\repository\org\springframework\spring-jdbc\7.0.3\spring-jdbc-7.0.3.jar;C:\Users\DELL\.m2\repository\org\springframework\boot\spring-boot-starter-data-jpa\4.0.2\spring-boot-starter-data-jpa-4.0.2.jar;C:\Users\DELL\.m2\repository\org\springframework\boot\spring-boot-data-jpa\4.0.2\spring-boot-data-jpa-4.0.2.jar;C:\Users\DELL\.m2\repository\org\springframework\boot\spring-boot-hibernate\4.0.2\spring-boot-hibernate-4.0.2.jar;C:\Users\DELL\.m2\repository\org\springframework\boot\spring-boot-jpa\4.0.2\spring-boot-jpa-4.0.2.jar;C:\Users\DELL\.m2\repository\jakarta\persistence\jakarta.persistence-api\3.2.0\jakarta.persistence-api-3.2.0.jar;C:\Users\DELL\.m2\repository\org\hibernate\orm\hibernate-core\7.2.1.Final\hibernate-core-7.2.1.Final.jar;C:\Users\DELL\.m2\repository\jakarta\transaction\jakarta.transaction-api\2.0.1\jakarta.transaction-api-2.0.1.jar;C:\Users\DELL\.m2\repository\org\hibernate\models\hibernate-models\1.0.1\hibernate-models-1.0.1.jar;C:\Users\DELL\.m2\repository\org\glassfish\jaxb\jaxb-runtime\4.0.6\jaxb-runtime-4.0.6.jar;C:\Users\DELL\.m2\repository\org\glassfish\jaxb\jaxb-core\4.0.6\jaxb-core-4.0.6.jar;C:\Users\DELL\.m2\repository\org\glassfish\jaxb\txw2\4.0.6\txw2-4.0.6.jar;C:\Users\DELL\.m2\repository\com\sun\istack\istack-commons-runtime\4.1.2\istack-commons-runtime-4.1.2.jar;C:\Users\DELL\.m2\repository\jakarta\inject\jakarta.inject-api\2.0.1\jakarta.inject-api-2.0.1.jar;C:\Users\DELL\.m2\repository\org\springframework\spring-orm\7.0.3\spring-orm-7.0.3.jar;C:\Users\DELL\.m2\repository\org\springframework\data\spring-data-jpa\4.0.2\spring-data-jpa-4.0.2.jar;C:\Users\DELL\.m2\repository\org\antlr\antlr4-runtime\4.13.2\antlr4-runtime-4.13.2.jar;C:\Users\DELL\.m2\repository\org\springframework\spring-aspects\7.0.3\spring-aspects-7.0.3.jar;C:\Users\DELL\.m2\repository\org\aspectj\aspectjweaver\1.9.25.1\aspectjweaver-1.9.25.1.jar;C:\Users\DELL\.m2\repository\org\springframework\boot\spring-boot-starter-mail\4.0.2\spring-boot-starter-mail-4.0.2.jar;C:\Users\DELL\.m2\repository\org\springframework\boot\spring-boot-mail\4.0.2\spring-boot-mail-4.0.2.jar;C:\Users\DELL\.m2\repository\org\springframework\spring-context-support\7.0.3\spring-context-support-7.0.3.jar;C:\Users\DELL\.m2\repository\jakarta\mail\jakarta.mail-api\2.1.5\jakarta.mail-api-2.1.5.jar;C:\Users\DELL\.m2\repository\jakarta\activation\jakarta.activation-api\2.1.4\jakarta.activation-api-2.1.4.jar;C:\Users\DELL\.m2\repository\org\eclipse\angus\angus-mail\2.0.5\angus-mail-2.0.5.jar;C:\Users\DELL\.m2\repository\org\eclipse\angus\angus-activation\2.0.3\angus-activation-2.0.3.jar;C:\Users\DELL\.m2\repository\org\springframework\boot\spring-boot-starter-webmvc\4.0.2\spring-boot-starter-webmvc-4.0.2.jar;C:\Users\DELL\.m2\repository\org\springframework\boot\spring-boot-starter-jackson\4.0.2\spring-boot-starter-jackson-4.0.2.jar;C:\Users\DELL\.m2\repository\org\springframework\boot\spring-boot-jackson\4.0.2\spring-boot-jackson-4.0.2.jar;C:\Users\DELL\.m2\repository\tools\jackson\core\jackson-databind\3.0.4\jackson-databind-3.0.4.jar;C:\Users\DELL\.m2\repository\tools\jackson\core\jackson-core\3.0.4\jackson-core-3.0.4.jar;C:\Users\DELL\.m2\repository\org\springframework\boot\spring-boot-starter-tomcat\4.0.2\spring-boot-starter-tomcat-4.0.2.jar;C:\Users\DELL\.m2\repository\org\springframework\boot\spring-boot-starter-tomcat-runtime\4.0.2\spring-boot-starter-tomcat-runtime-4.0.2.jar;C:\Users\DELL\.m2\repository\org\apache\tomcat\embed\tomcat-embed-core\11.0.15\tomcat-embed-core-11.0.15.jar;C:\Users\DELL\.m2\repository\org\apache\tomcat\embed\tomcat-embed-websocket\11.0.15\tomcat-embed-websocket-11.0.15.jar;C:\Users\DELL\.m2\repository\org\springframework\boot\spring-boot-tomcat\4.0.2\spring-boot-tomcat-4.0.2.jar;C:\Users\DELL\.m2\repository\org\springframework\boot\spring-boot-http-converter\4.0.2\spring-boot-http-converter-4.0.2.jar;C:\Users\DELL\.m2\repository\org\springframework\spring-web\7.0.3\spring-web-7.0.3.jar;C:\Users\DELL\.m2\repository\io\micrometer\micrometer-observation\1.16.2\micrometer-observation-1.16.2.jar;C:\Users\DELL\.m2\repository\io\micrometer\micrometer-commons\1.16.2\micrometer-commons-1.16.2.jar;C:\Users\DELL\.m2\repository\org\springframework\boot\spring-boot-webmvc\4.0.2\spring-boot-webmvc-4.0.2.jar;C:\Users\DELL\.m2\repository\org\springframework\boot\spring-boot-servlet\4.0.2\spring-boot-servlet-4.0.2.jar;C:\Users\DELL\.m2\repository\org\springframework\spring-webmvc\7.0.3\spring-webmvc-7.0.3.jar;C:\Users\DELL\.m2\repository\org\springframework\spring-expression\7.0.3\spring-expression-7.0.3.jar;C:\Users\DELL\.m2\repository\org\projectlombok\lombok\1.18.42\lombok-1.18.42.jar;C:\Users\DELL\.m2\repository\jakarta\xml\bind\jakarta.xml.bind-api\4.0.4\jakarta.xml.bind-api-4.0.4.jar;C:\Users\DELL\.m2\repository\net\bytebuddy\byte-buddy\1.17.8\byte-buddy-1.17.8.jar;C:\Users\DELL\.m2\repository\org\springframework\spring-core\7.0.3\spring-core-7.0.3.jar;C:\Users\DELL\.m2\repository\commons-logging\commons-logging\1.3.5\commons-logging-1.3.5.jar;C:\Users\DELL\.m2\repository\org\jspecify\jspecify\1.0.0\jspecify-1.0.0.jar;C:\Users\DELL\.m2\repository\org\springframework\boot\spring-boot-web-server\4.0.2\spring-boot-web-server-4.0.2.jar;C:\Users\DELL\.m2\repository\org\postgresql\postgresql\42.7.9\postgresql-42.7.9.jar;C:\Users\DELL\.m2\repository\org\checkerframework\checker-qual\3.52.0\checker-qual-3.52.0.jar;C:\Users\DELL\.m2\repository\io\jsonwebtoken\jjwt-impl\0.12.3\jjwt-impl-0.12.3.jar;C:\Users\DELL\.m2\repository\io\jsonwebtoken\jjwt-api\0.12.3\jjwt-api-0.12.3.jar;C:\Users\DELL\.m2\repository\io\jsonwebtoken\jjwt-jackson\0.12.3\jjwt-jackson-0.12.3.jar;C:\Users\DELL\.m2\repository\com\fasterxml\jackson\core\jackson-databind\2.20.2\jackson-databind-2.20.2.jar;C:\Users\DELL\.m2\repository\org\springframework\boot\spring-boot-starter-security\4.0.2\spring-boot-starter-security-4.0.2.jar;C:\Users\DELL\.m2\repository\org\springframework\boot\spring-boot-security\4.0.2\spring-boot-security-4.0.2.jar;C:\Users\DELL\.m2\repository\org\springframework\security\spring-security-config\7.0.2\spring-security-config-7.0.2.jar;C:\Users\DELL\.m2\repository\org\springframework\security\spring-security-core\7.0.2\spring-security-core-7.0.2.jar;C:\Users\DELL\.m2\repository\org\springframework\security\spring-security-crypto\7.0.2\spring-security-crypto-7.0.2.jar;C:\Users\DELL\.m2\repository\org\springframework\security\spring-security-web\7.0.2\spring-security-web-7.0.2.jar;C:\Users\DELL\.m2\repository\org\springframework\spring-aop\7.0.3\spring-aop-7.0.3.jar;C:\Users\DELL\.m2\repository\org\springframework\spring-beans\7.0.3\spring-beans-7.0.3.jar;C:\Users\DELL\.m2\repository\com\resend\resend-java\4.12.0\resend-java-4.12.0.jar;C:\Users\DELL\.m2\repository\com\fasterxml\jackson\core\jackson-core\2.20.2\jackson-core-2.20.2.jar;C:\Users\DELL\.m2\repository\com\fasterxml\jackson\core\jackson-annotations\2.20\jackson-annotations-2.20.jar;C:\Users\DELL\.m2\repository\com\fasterxml\jackson\datatype\jackson-datatype-jsr310\2.20.2\jackson-datatype-jsr310-2.20.2.jar;C:\Users\DELL\.m2\repository\com\squareup\okhttp3\okhttp\4.11.0\okhttp-4.11.0.jar;C:\Users\DELL\.m2\repository\com\squareup\okio\okio\3.2.0\okio-3.2.0.jar;C:\Users\DELL\.m2\repository\com\squareup\okio\okio-jvm\3.2.0\okio-jvm-3.2.0.jar;C:\Users\DELL\.m2\repository\org\jetbrains\kotlin\kotlin-stdlib-common\1.6.20\kotlin-stdlib-common-1.6.20.jar;C:\Users\DELL\.m2\repository\org\jetbrains\kotlin\kotlin-stdlib\2.2.21\kotlin-stdlib-2.2.21.jar;C:\Users\DELL\.m2\repository\org\jetbrains\annotations\13.0\annotations-13.0.jar;C:\Users\DELL\.m2\repository\org\jetbrains\kotlin\kotlin-stdlib-jdk8\2.2.21\kotlin-stdlib-jdk8-2.2.21.jar;C:\Users\DELL\.m2\repository\org\jetbrains\kotlin\kotlin-stdlib-jdk7\2.2.21\kotlin-stdlib-jdk7-2.2.21.jar;C:\Users\DELL\.m2\repository\org\json\json\20250517\json-20250517.jar;C:\Users\DELL\.m2\repository\org\modelmapper\modelmapper\3.2.4\modelmapper-3.2.4.jar;C:\Users\DELL\.m2\repository\org\springframework\boot\spring-boot-starter-validation\4.0.2\spring-boot-starter-validation-4.0.2.jar;C:\Users\DELL\.m2\repository\org\springframework\boot\spring-boot-validation\4.0.2\spring-boot-validation-4.0.2.jar;C:\Users\DELL\.m2\repository\org\apache\tomcat\embed\tomcat-embed-el\11.0.15\tomcat-embed-el-11.0.15.jar;C:\Users\DELL\.m2\repository\org\hibernate\validator\hibernate-validator\9.0.1.Final\hibernate-validator-9.0.1.Final.jar;C:\Users\DELL\.m2\repository\jakarta\validation\jakarta.validation-api\3.1.1\jakarta.validation-api-3.1.1.jar;C:\Users\DELL\.m2\repository\org\jboss\logging\jboss-logging\3.6.1.Final\jboss-logging-3.6.1.Final.jar;C:\Users\DELL\.m2\repository\com\fasterxml\classmate\1.7.3\classmate-1.7.3.jar;C:\Users\DELL\.m2\repository\org\springframework\boot\spring-boot-configuration-processor\4.0.2\spring-boot-configuration-processor-4.0.2.jar
Launcher Type: SUN_STANDARD

[Global flags]
     intx CICompilerCount                          = 3                                         {product} {ergonomic}
     uint ConcGCThreads                            = 1                                         {product} {ergonomic}
     uint G1ConcRefinementThreads                  = 4                                         {product} {ergonomic}
   size_t G1HeapRegionSize                         = 1048576                                   {product} {ergonomic}
   size_t InitialHeapSize                          = 65011712                                  {product} {ergonomic}
   size_t MarkStackSize                            = 4194304                                   {product} {ergonomic}
   size_t MarkStackSizeMax                         = 536870912                                 {product} {ergonomic}
   size_t MaxHeapSize                              = 1012924416                                {product} {ergonomic}
   size_t MaxNewSize                               = 607125504                                 {product} {ergonomic}
   size_t MinHeapDeltaBytes                        = 1048576                                   {product} {ergonomic}
   size_t MinHeapSize                              = 8388608                                   {product} {ergonomic}
    uintx NonNMethodCodeHeapSize                   = 5832704                                {pd product} {ergonomic}
    uintx NonProfiledCodeHeapSize                  = 122945536                              {pd product} {ergonomic}
    uintx ProfiledCodeHeapSize                     = 122880000                              {pd product} {ergonomic}
    uintx ReservedCodeCacheSize                    = 251658240                              {pd product} {ergonomic}
     bool SegmentedCodeCache                       = true                                      {product} {ergonomic}
   size_t SoftMaxHeapSize                          = 1012924416                             {manageable} {ergonomic}
     bool UseCompressedOops                        = true                           {product lp64_product} {ergonomic}
     bool UseG1GC                                  = true                                      {product} {ergonomic}
     bool UseLargePagesIndividualAllocation        = false                                  {pd product} {ergonomic}

Logging:
Log output configuration:
 #0: stdout all=warning uptime,level,tags foldmultilines=false
 #1: stderr all=off uptime,level,tags foldmultilines=false

Environment Variables:
JAVA_HOME=C:\Program Files\Java\jdk-24
PATH=C:\Program Files\Python313\Scripts\;C:\Program Files\Python313\;C:\Program Files\Common Files\Oracle\Java\javapath;C:\WINDOWS\system32;C:\WINDOWS;C:\WINDOWS\System32\Wbem;C:\WINDOWS\System32\WindowsPowerShell\v1.0\;C:\WINDOWS\System32\OpenSSH\;C:\Program Files\Git\cmd;C:\Program Files\MySQL\MySQL Server 8.0\bin;C:\Program Files\nodejs\;C:\Program Files\apache-maven-3.9.12-bin\apache-maven-3.9.12\bin;C:\Program Files\win_flex_bison-latest;C:\MinGW\bin;;C:\Program Files\Docker\Docker\resources\bin;C:\Program Files\3.2.2\bin\i386-Win32;C:\Users\DELL\AppData\Local\Microsoft\WindowsApps;C:\Users\DELL\AppData\Local\Programs\Microsoft VS Code\bin;C:\Users\DELL\AppData\Roaming\npm
USERNAME=DELL
OS=Windows_NT
PROCESSOR_IDENTIFIER=Intel64 Family 6 Model 126 Stepping 5, GenuineIntel
TMP=C:\Users\DELL\AppData\Local\Temp
TEMP=C:\Users\DELL\AppData\Local\Temp




Periodic native trim disabled

---------------  S Y S T E M  ---------------

OS:
 Windows 11 , 64 bit Build 26100 (10.0.26100.7705)
OS uptime: 0 days 6:11 hours
Hyper-V role detected

CPU: total 4 (initial active 4) (2 cores per cpu, 2 threads per core) family 6 model 126 stepping 5 microcode 0xc2, cx8, cmov, fxsr, ht, mmx, 3dnowpref, sse, sse2, sse3, ssse3, sse4.1, sse4.2, popcnt, lzcnt, tsc, tscinvbit, avx, avx2, aes, erms, clmul, bmi1, bmi2, adx, avx512f, avx512dq, avx512cd, avx512bw, avx512vl, sha, fma, vzeroupper, avx512_vpopcntdq, avx512_vpclmulqdq, avx512_vaes, avx512_vnni, clflush, clflushopt, avx512_vbmi2, avx512_vbmi, hv, rdtscp, rdpid, fsrm, gfni, avx512_bitalg, f16c, avx512_ifma
Processor Information for the first 4 processors :
  Max Mhz: 1190, Current Mhz: 1190, Mhz Limit: 1190

Memory: 4k page, system-wide physical 3863M (111M free)
TotalPageFile size 15639M (AvailPageFile size 0M)
current process WorkingSet (physical memory assigned to process): 64M, peak: 240M
current process commit charge ("private bytes"): 307M, peak: 323M

vm_info: Java HotSpot(TM) 64-Bit Server VM (24.0.2+12-54) for windows-amd64 JRE (24.0.2+12-54), built on 2025-07-08T12:10:27Z with MS VC++ 17.6 (VS2022)

END.
