[INFO] Scanning for projects...
[WARNING] 
[WARNING] Some problems were encountered while building the effective model for com.rmis:rmis:jar:0.0.1-SNAPSHOT
[WARNING] 'dependencies.dependency.version' for com.resend:resend-java:jar is either LATEST or RELEASE (both of them are being deprecated) @ line 108, column 22
[WARNING] 
[WARNING] It is highly recommended to fix these problems because they threaten the stability of your build.
[WARNING] 
[WARNING] For this reason, future Maven versions might no longer support building such malformed projects.
[WARNING] 
[INFO] 
[INFO] ---------------------------< com.rmis:rmis >----------------------------
[INFO] Building rmis 0.0.1-SNAPSHOT
[INFO]   from pom.xml
[INFO] --------------------------------[ jar ]---------------------------------
[INFO] 
[INFO] >>> spring-boot:4.0.2:run (default-cli) > test-compile @ rmis >>>
[INFO] 
[INFO] --- resources:3.3.1:resources (default-resources) @ rmis ---
[INFO] Copying 1 resource from src\main\resources to target\classes
[INFO] Copying 1 resource from src\main\resources to target\classes
[INFO] 
[INFO] --- compiler:3.14.1:compile (default-compile) @ rmis ---
[INFO] Nothing to compile - all classes are up to date.
[INFO] 
[INFO] --- resources:3.3.1:testResources (default-testResources) @ rmis ---
[INFO] skip non existing resourceDirectory E:\CS\SE\RMIS\rmis-BE\rmis\src\test\resources
[INFO] 
[INFO] --- compiler:3.14.1:testCompile (default-testCompile) @ rmis ---
[INFO] Nothing to compile - all classes are up to date.
[INFO] 
[INFO] <<< spring-boot:4.0.2:run (default-cli) < test-compile @ rmis <<<
[INFO] 
[INFO] 
[INFO] --- spring-boot:4.0.2:run (default-cli) @ rmis ---
[INFO] Attaching agents: []

  .   ____          _            __ _ _
 /\\ / ___'_ __ _ _(_)_ __  __ _ \ \ \ \
( ( )\___ | '_ | '_| | '_ \/ _` | \ \ \ \
 \\/  ___)| |_)| | | | | || (_| |  ) ) ) )
  '  |____| .__|_| |_|_| |_\__, | / / / /
 =========|_|==============|___/=/_/_/_/

 :: Spring Boot ::                (v4.0.2)

2026-04-05T13:33:47.710+05:30  INFO 32748 --- [rmis] [           main] com.rmis.rmis.RmisApplication            : Starting RmisApplication using Java 25.0.2 with PID 32748 (E:\CS\SE\RMIS\rmis-BE\rmis\target\classes started by HP in E:\CS\SE\RMIS\rmis-BE\rmis)
2026-04-05T13:33:47.712+05:30  INFO 32748 --- [rmis] [           main] com.rmis.rmis.RmisApplication            : No active profile set, falling back to 1 default profile: "default"
2026-04-05T13:33:48.394+05:30  INFO 32748 --- [rmis] [           main] .s.d.r.c.RepositoryConfigurationDelegate : Multiple Spring Data modules found, entering strict repository configuration mode
2026-04-05T13:33:48.395+05:30  INFO 32748 --- [rmis] [           main] .s.d.r.c.RepositoryConfigurationDelegate : Bootstrapping Spring Data JDBC repositories in DEFAULT mode.
2026-04-05T13:33:48.427+05:30  INFO 32748 --- [rmis] [           main] .RepositoryConfigurationExtensionSupport : Spring Data JDBC - Could not safely identify store assignment for repository candidate interface com.rmis.rmis.repositories.AdminRepository; If you want this repository to be a JDBC repository, consider annotating your entities with one of these annotations: org.springframework.data.relational.core.mapping.Table.
2026-04-05T13:33:48.430+05:30  INFO 32748 --- [rmis] [           main] .RepositoryConfigurationExtensionSupport : Spring Data JDBC - Could not safely identify store assignment for repository candidate interface com.rmis.rmis.repositories.AuditLogRepository; If you want this repository to be a JDBC repository, consider annotating your entities with one of these annotations: org.springframework.data.relational.core.mapping.Table.
2026-04-05T13:33:48.431+05:30  INFO 32748 --- [rmis] [           main] .RepositoryConfigurationExtensionSupport : Spring Data JDBC - Could not safely identify store assignment for repository candidate interface com.rmis.rmis.repositories.AvailabilityRepository; If you want this repository to be a JDBC repository, consider annotating your entities with one of these annotations: org.springframework.data.relational.core.mapping.Table.
2026-04-05T13:33:48.432+05:30  INFO 32748 --- [rmis] [           main] .RepositoryConfigurationExtensionSupport : Spring Data JDBC - Could not safely identify store assignment for repository candidate interface com.rmis.rmis.repositories.CertificationRepository; If you want this repository to be a JDBC repository, consider annotating your entities with one of these annotations: org.springframework.data.relational.core.mapping.Table.
2026-04-05T13:33:48.433+05:30  INFO 32748 --- [rmis] [           main] .RepositoryConfigurationExtensionSupport : Spring Data JDBC - Could not safely identify store assignment for repository candidate interface com.rmis.rmis.repositories.CompanyRepository; If you want this repository to be a JDBC repository, consider annotating your entities with one of these annotations: org.springframework.data.relational.core.mapping.Table.
2026-04-05T13:33:48.433+05:30  INFO 32748 --- [rmis] [           main] .RepositoryConfigurationExtensionSupport : Spring Data JDBC - Could not safely identify store assignment for repository candidate interface com.rmis.rmis.repositories.MinistryOfficerRepository; If you want this repository to be a JDBC repository, consider annotating your entities with one of these annotations: org.springframework.data.relational.core.mapping.Table.
2026-04-05T13:33:48.434+05:30  INFO 32748 --- [rmis] [           main] .RepositoryConfigurationExtensionSupport : Spring Data JDBC - Could not safely identify store assignment for repository candidate interface com.rmis.rmis.repositories.PasswordResetTokenRepository; If you want this repository to be a JDBC repository, consider annotating your entities with one of these annotations: org.springframework.data.relational.core.mapping.Table.
2026-04-05T13:33:48.435+05:30  INFO 32748 --- [rmis] [           main] .RepositoryConfigurationExtensionSupport : Spring Data JDBC - Could not safely identify store assignment for repository candidate interface com.rmis.rmis.repositories.PublicUserRepository; If you want this repository to be a JDBC repository, consider annotating your entities with one of these annotations: org.springframework.data.relational.core.mapping.Table.
2026-04-05T13:33:48.436+05:30  INFO 32748 --- [rmis] [           main] .RepositoryConfigurationExtensionSupport : Spring Data JDBC - Could not safely identify store assignment for repository candidate interface com.rmis.rmis.repositories.QuotaRequestRepository; If you want this repository to be a JDBC repository, consider annotating your entities with one of these annotations: org.springframework.data.relational.core.mapping.Table.
2026-04-05T13:33:48.437+05:30  INFO 32748 --- [rmis] [           main] .RepositoryConfigurationExtensionSupport : Spring Data JDBC - Could not safely identify store assignment for repository candidate interface com.rmis.rmis.repositories.RoleRepository; If you want this repository to be a JDBC repository, consider annotating your entities with one of these annotations: org.springframework.data.relational.core.mapping.Table.
2026-04-05T13:33:48.438+05:30  INFO 32748 --- [rmis] [           main] .RepositoryConfigurationExtensionSupport : Spring Data JDBC - Could not safely identify store assignment for repository candidate interface com.rmis.rmis.repositories.ServiceTicketRepository; If you want this repository to be a JDBC repository, consider annotating your entities with one of these annotations: org.springframework.data.relational.core.mapping.Table.
2026-04-05T13:33:48.439+05:30  INFO 32748 --- [rmis] [           main] .RepositoryConfigurationExtensionSupport : Spring Data JDBC - Could not safely identify store assignment for repository candidate interface com.rmis.rmis.repositories.TechnicianRepository; If you want this repository to be a JDBC repository, consider annotating your entities with one of these annotations: org.springframework.data.relational.core.mapping.Table.
2026-04-05T13:33:48.439+05:30  INFO 32748 --- [rmis] [           main] .s.d.r.c.RepositoryConfigurationDelegate : Finished Spring Data repository scanning in 40 ms. Found 0 JDBC repository interfaces.
2026-04-05T13:33:48.449+05:30  INFO 32748 --- [rmis] [           main] .s.d.r.c.RepositoryConfigurationDelegate : Multiple Spring Data modules found, entering strict repository configuration mode
2026-04-05T13:33:48.450+05:30  INFO 32748 --- [rmis] [           main] .s.d.r.c.RepositoryConfigurationDelegate : Bootstrapping Spring Data JPA repositories in DEFAULT mode.
2026-04-05T13:33:48.502+05:30  INFO 32748 --- [rmis] [           main] .s.d.r.c.RepositoryConfigurationDelegate : Finished Spring Data repository scanning in 47 ms. Found 12 JPA repository interfaces.
2026-04-05T13:33:49.005+05:30  INFO 32748 --- [rmis] [           main] o.s.boot.tomcat.TomcatWebServer          : Tomcat initialized with port 5050 (http)
2026-04-05T13:33:49.019+05:30  INFO 32748 --- [rmis] [           main] o.apache.catalina.core.StandardService   : Starting service [Tomcat]
2026-04-05T13:33:49.020+05:30  INFO 32748 --- [rmis] [           main] o.apache.catalina.core.StandardEngine    : Starting Servlet engine: [Apache Tomcat/11.0.15]
2026-04-05T13:33:49.096+05:30  INFO 32748 --- [rmis] [           main] b.w.c.s.WebApplicationContextInitializer : Root WebApplicationContext: initialization completed in 1333 ms
2026-04-05T13:33:49.211+05:30  INFO 32748 --- [rmis] [           main] org.hibernate.orm.jpa                    : HHH008540: Processing PersistenceUnitInfo [name: default]
2026-04-05T13:33:49.249+05:30  INFO 32748 --- [rmis] [           main] org.hibernate.orm.core                   : HHH000001: Hibernate ORM core version 7.2.1.Final
2026-04-05T13:33:49.635+05:30  INFO 32748 --- [rmis] [           main] o.s.o.j.p.SpringPersistenceUnitInfo      : No LoadTimeWeaver setup: ignoring JPA class transformer
2026-04-05T13:33:49.660+05:30  INFO 32748 --- [rmis] [           main] com.zaxxer.hikari.HikariDataSource       : HikariPool-1 - Starting...
2026-04-05T13:33:49.907+05:30  INFO 32748 --- [rmis] [           main] com.zaxxer.hikari.pool.HikariPool        : HikariPool-1 - Added connection org.postgresql.jdbc.PgConnection@2f39b534
2026-04-05T13:33:49.908+05:30  INFO 32748 --- [rmis] [           main] com.zaxxer.hikari.HikariDataSource       : HikariPool-1 - Start completed.
2026-04-05T13:33:49.981+05:30  INFO 32748 --- [rmis] [           main] org.hibernate.orm.connections.pooling    : HHH10001005: Database info:
	Database JDBC URL [jdbc:postgresql://localhost:5432/rmis]
	Database driver: PostgreSQL JDBC Driver
	Database dialect: PostgreSQLDialect
	Database version: 18.3
	Default catalog/schema: rmis/public
	Autocommit mode: undefined/unknown
	Isolation level: READ_COMMITTED [default READ_COMMITTED]
	JDBC fetch size: none
	Pool: DataSourceConnectionProvider
	Minimum pool size: undefined/unknown
	Maximum pool size: undefined/unknown
2026-04-05T13:33:51.170+05:30  INFO 32748 --- [rmis] [           main] org.hibernate.orm.core                   : HHH000489: No JTA platform available (set 'hibernate.transaction.jta.platform' to enable JTA platform integration)
2026-04-05T13:33:51.285+05:30  INFO 32748 --- [rmis] [           main] j.LocalContainerEntityManagerFactoryBean : Initialized JPA EntityManagerFactory for persistence unit 'default'
2026-04-05T13:33:51.347+05:30  INFO 32748 --- [rmis] [           main] o.s.d.j.r.query.QueryEnhancerFactories   : Hibernate is in classpath; If applicable, HQL parser will be used.
WARNING: A terminally deprecated method in sun.misc.Unsafe has been called
WARNING: sun.misc.Unsafe::staticFieldOffset has been called by org.modelmapper.internal.typetools.TypeResolver (file:/C:/Users/HP/.m2/repository/org/modelmapper/modelmapper/3.2.4/modelmapper-3.2.4.jar)
WARNING: Please consider reporting this to the maintainers of class org.modelmapper.internal.typetools.TypeResolver
WARNING: sun.misc.Unsafe::staticFieldOffset will be removed in a future release
2026-04-05T13:33:52.468+05:30  WARN 32748 --- [rmis] [           main] JpaBaseConfiguration$JpaWebConfiguration : spring.jpa.open-in-view is enabled by default. Therefore, database queries may be performed during view rendering. Explicitly configure spring.jpa.open-in-view to disable this warning
2026-04-05T13:33:52.545+05:30  INFO 32748 --- [rmis] [           main] eAuthenticationProviderManagerConfigurer : Found 5 AuthenticationProvider beans, with names [companyAuthenticationProvider, publicUserAuthenticationProvider, technicianAuthenticationProvider, ministryOfficerAuthenticationProvider, adminAuthenticationProvider]. Global Authentication Manager will not be configured with AuthenticationProviders. Consider publishing a single AuthenticationProvider bean, or wiring your Providers directly using the DSL.
2026-04-05T13:33:52.545+05:30  WARN 32748 --- [rmis] [           main] r$InitializeUserDetailsManagerConfigurer : Found 5 UserDetailsService beans, with names [applicationAdminDetailsService, applicationCompanyDetailsService, applicationMinistryOfficerDetailsService, applicationPublicUserDetailsService, applicationTechnicianDetailsService]. Global Authentication Manager will not use a UserDetailsService for username/password login. Consider publishing a single UserDetailsService bean.
2026-04-05T13:33:52.803+05:30 DEBUG 32748 --- [rmis] [           main] s.w.s.m.m.a.RequestMappingHandlerMapping : 51 mappings in 'requestMappingHandlerMapping'
2026-04-05T13:33:52.838+05:30 DEBUG 32748 --- [rmis] [           main] o.s.w.s.handler.SimpleUrlHandlerMapping  : Patterns [/webjars/**, /**, /uploads/**] in 'resourceHandlerMapping'
2026-04-05T13:33:52.863+05:30 DEBUG 32748 --- [rmis] [           main] s.w.s.m.m.a.RequestMappingHandlerAdapter : ControllerAdvice beans: 0 @ModelAttribute, 0 @InitBinder, 2 RequestBodyAdvice, 1 ResponseBodyAdvice
2026-04-05T13:33:52.909+05:30 DEBUG 32748 --- [rmis] [           main] .m.m.a.ExceptionHandlerExceptionResolver : ControllerAdvice beans: 1 @ExceptionHandler, 1 ResponseBodyAdvice
2026-04-05T13:33:53.098+05:30  WARN 32748 --- [rmis] [           main] ConfigServletWebServerApplicationContext : Exception encountered during context initialization - cancelling refresh attempt: org.springframework.context.ApplicationContextException: Failed to start bean 'webServerStartStop'
2026-04-05T13:33:53.103+05:30  INFO 32748 --- [rmis] [           main] j.LocalContainerEntityManagerFactoryBean : Closing JPA EntityManagerFactory for persistence unit 'default'
2026-04-05T13:33:53.106+05:30  INFO 32748 --- [rmis] [           main] com.zaxxer.hikari.HikariDataSource       : HikariPool-1 - Shutdown initiated...
2026-04-05T13:33:53.110+05:30  INFO 32748 --- [rmis] [           main] com.zaxxer.hikari.HikariDataSource       : HikariPool-1 - Shutdown completed.
2026-04-05T13:33:53.127+05:30  INFO 32748 --- [rmis] [           main] .s.b.a.l.ConditionEvaluationReportLogger : 

Error starting ApplicationContext. To display the condition evaluation report re-run your application with 'debug' enabled.
2026-04-05T13:33:53.140+05:30 ERROR 32748 --- [rmis] [           main] o.s.b.d.LoggingFailureAnalysisReporter   : 

***************************
APPLICATION FAILED TO START
***************************

Description:

Web server failed to start. Port 5050 was already in use.

Action:

Identify and stop the process that's listening on port 5050 or configure this application to listen on another port.

[INFO] ------------------------------------------------------------------------
[INFO] BUILD FAILURE
[INFO] ------------------------------------------------------------------------
[INFO] Total time:  8.901 s
[INFO] Finished at: 2026-04-05T13:33:53+05:30
[INFO] ------------------------------------------------------------------------
[ERROR] Failed to execute goal org.springframework.boot:spring-boot-maven-plugin:4.0.2:run (default-cli) on project rmis: Process terminated with exit code: 1 -> [Help 1]
[ERROR] 
[ERROR] To see the full stack trace of the errors, re-run Maven with the -e switch.
[ERROR] Re-run Maven using the -X switch to enable full debug logging.
[ERROR] 
[ERROR] For more information about the errors and possible solutions, please read the following articles:
[ERROR] [Help 1] http://cwiki.apache.org/confluence/display/MAVEN/MojoExecutionException
